<?xml version="1.0" encoding="ISO-8859-1" ?>
<link_info>
   <banner>TI ARM Linker PC v20.2.7.LTS</banner>
   <copyright>Copyright (c) 1996-2018 Texas Instruments Incorporated</copyright>
   <link_time>0x65cca4e0</link_time>
   <link_errors>0x0</link_errors>
   <output_file>MSP432ProjectFrisge.out</output_file>
   <entry_point>
      <name>_c_int00_noargs</name>
      <address>0x4fc9</address>
   </entry_point>
   <input_file_list>
      <input_file id="fl-2">
         <path>.\</path>
         <kind>object</kind>
         <file>main.obj</file>
         <name>main.obj</name>
      </input_file>
      <input_file id="fl-3">
         <path>.\</path>
         <kind>object</kind>
         <file>startup_msp432p401r_ccs.obj</file>
         <name>startup_msp432p401r_ccs.obj</name>
      </input_file>
      <input_file id="fl-4">
         <path>.\</path>
         <kind>object</kind>
         <file>system_msp432p401r.obj</file>
         <name>system_msp432p401r.obj</name>
      </input_file>
      <input_file id="fl-5">
         <path>.\Drivers\Lcd\</path>
         <kind>object</kind>
         <file>Crystalfontz128x128_ST7735.obj</file>
         <name>Crystalfontz128x128_ST7735.obj</name>
      </input_file>
      <input_file id="fl-6">
         <path>.\Drivers\Lcd\</path>
         <kind>object</kind>
         <file>HAL_MSP_EXP432P401R_Crystalfontz128x128_ST7735.obj</file>
         <name>HAL_MSP_EXP432P401R_Crystalfontz128x128_ST7735.obj</name>
      </input_file>
      <input_file id="fl-7">
         <path>.\Drivers\</path>
         <kind>object</kind>
         <file>init.obj</file>
         <name>init.obj</name>
      </input_file>
      <input_file id="fl-8">
         <path>.\Logic\Graphics\</path>
         <kind>object</kind>
         <file>addFoodGraphics.obj</file>
         <name>addFoodGraphics.obj</name>
      </input_file>
      <input_file id="fl-9">
         <path>.\Logic\Graphics\</path>
         <kind>object</kind>
         <file>foodListGraphics.obj</file>
         <name>foodListGraphics.obj</name>
      </input_file>
      <input_file id="fl-a">
         <path>.\Logic\Graphics\</path>
         <kind>object</kind>
         <file>menuGraphics.obj</file>
         <name>menuGraphics.obj</name>
      </input_file>
      <input_file id="fl-b">
         <path>.\Logic\Interrupts\</path>
         <kind>object</kind>
         <file>ADCinterrupts.obj</file>
         <name>ADCinterrupts.obj</name>
      </input_file>
      <input_file id="fl-c">
         <path>.\Logic\Interrupts\</path>
         <kind>object</kind>
         <file>RTCinterrupts.obj</file>
         <name>RTCinterrupts.obj</name>
      </input_file>
      <input_file id="fl-d">
         <path>.\Logic\Interrupts\</path>
         <kind>object</kind>
         <file>buttonsInterrupts.obj</file>
         <name>buttonsInterrupts.obj</name>
      </input_file>
      <input_file id="fl-e">
         <path>.\Logic\</path>
         <kind>object</kind>
         <file>logic.obj</file>
         <name>logic.obj</name>
      </input_file>
      <input_file id="fl-14">
         <kind>object</kind>
         <file>&lt;internal&gt;</file>
         <name>&lt;internal&gt;</name>
      </input_file>
      <input_file id="fl-ca">
         <path>C:\ti\ccs1250\ccs\tools\compiler\ti-cgt-arm_20.2.7.LTS\lib\</path>
         <kind>archive</kind>
         <file>rtsv7M4_T_le_v4SPD16_eabi.lib</file>
         <name>sprintf.c.obj</name>
      </input_file>
      <input_file id="fl-cb">
         <path>C:\ti\ccs1250\ccs\tools\compiler\ti-cgt-arm_20.2.7.LTS\lib\</path>
         <kind>archive</kind>
         <file>rtsv7M4_T_le_v4SPD16_eabi.lib</file>
         <name>memcpy_t2.asm.obj</name>
      </input_file>
      <input_file id="fl-cc">
         <path>C:\ti\ccs1250\ccs\tools\compiler\ti-cgt-arm_20.2.7.LTS\lib\</path>
         <kind>archive</kind>
         <file>rtsv7M4_T_le_v4SPD16_eabi.lib</file>
         <name>copy_zero_init.c.obj</name>
      </input_file>
      <input_file id="fl-cd">
         <path>C:\ti\ccs1250\ccs\tools\compiler\ti-cgt-arm_20.2.7.LTS\lib\</path>
         <kind>archive</kind>
         <file>rtsv7M4_T_le_v4SPD16_eabi.lib</file>
         <name>copy_decompress_none.c.obj</name>
      </input_file>
      <input_file id="fl-ce">
         <path>C:\ti\ccs1250\ccs\tools\compiler\ti-cgt-arm_20.2.7.LTS\lib\</path>
         <kind>archive</kind>
         <file>rtsv7M4_T_le_v4SPD16_eabi.lib</file>
         <name>copy_decompress_lzss.c.obj</name>
      </input_file>
      <input_file id="fl-cf">
         <path>C:\ti\ccs1250\ccs\tools\compiler\ti-cgt-arm_20.2.7.LTS\lib\</path>
         <kind>archive</kind>
         <file>rtsv7M4_T_le_v4SPD16_eabi.lib</file>
         <name>boot_cortex_m.c.obj</name>
      </input_file>
      <input_file id="fl-d0">
         <path>C:\ti\ccs1250\ccs\tools\compiler\ti-cgt-arm_20.2.7.LTS\lib\</path>
         <kind>archive</kind>
         <file>rtsv7M4_T_le_v4SPD16_eabi.lib</file>
         <name>_printfi.c.obj</name>
      </input_file>
      <input_file id="fl-d1">
         <path>C:\ti\ccs1250\ccs\tools\compiler\ti-cgt-arm_20.2.7.LTS\lib\</path>
         <kind>archive</kind>
         <file>rtsv7M4_T_le_v4SPD16_eabi.lib</file>
         <name>fd_add_t2.asm.obj</name>
      </input_file>
      <input_file id="fl-d2">
         <path>C:\ti\ccs1250\ccs\tools\compiler\ti-cgt-arm_20.2.7.LTS\lib\</path>
         <kind>archive</kind>
         <file>rtsv7M4_T_le_v4SPD16_eabi.lib</file>
         <name>fd_cmp_t2.asm.obj</name>
      </input_file>
      <input_file id="fl-d3">
         <path>C:\ti\ccs1250\ccs\tools\compiler\ti-cgt-arm_20.2.7.LTS\lib\</path>
         <kind>archive</kind>
         <file>rtsv7M4_T_le_v4SPD16_eabi.lib</file>
         <name>fd_div_t2.asm.obj</name>
      </input_file>
      <input_file id="fl-d4">
         <path>C:\ti\ccs1250\ccs\tools\compiler\ti-cgt-arm_20.2.7.LTS\lib\</path>
         <kind>archive</kind>
         <file>rtsv7M4_T_le_v4SPD16_eabi.lib</file>
         <name>fd_mul_t2.asm.obj</name>
      </input_file>
      <input_file id="fl-d5">
         <path>C:\ti\ccs1250\ccs\tools\compiler\ti-cgt-arm_20.2.7.LTS\lib\</path>
         <kind>archive</kind>
         <file>rtsv7M4_T_le_v4SPD16_eabi.lib</file>
         <name>fd_toi_t2.asm.obj</name>
      </input_file>
      <input_file id="fl-d6">
         <path>C:\ti\ccs1250\ccs\tools\compiler\ti-cgt-arm_20.2.7.LTS\lib\</path>
         <kind>archive</kind>
         <file>rtsv7M4_T_le_v4SPD16_eabi.lib</file>
         <name>i_tofd_t2.asm.obj</name>
      </input_file>
      <input_file id="fl-d7">
         <path>C:\ti\ccs1250\ccs\tools\compiler\ti-cgt-arm_20.2.7.LTS\lib\</path>
         <kind>archive</kind>
         <file>rtsv7M4_T_le_v4SPD16_eabi.lib</file>
         <name>memset_t2.asm.obj</name>
      </input_file>
      <input_file id="fl-d8">
         <path>C:\ti\ccs1250\ccs\tools\compiler\ti-cgt-arm_20.2.7.LTS\lib\</path>
         <kind>archive</kind>
         <file>rtsv7M4_T_le_v4SPD16_eabi.lib</file>
         <name>ull_div_t2.asm.obj</name>
      </input_file>
      <input_file id="fl-d9">
         <path>C:\ti\ccs1250\ccs\tools\compiler\ti-cgt-arm_20.2.7.LTS\lib\</path>
         <kind>archive</kind>
         <file>rtsv7M4_T_le_v4SPD16_eabi.lib</file>
         <name>autoinit.c.obj</name>
      </input_file>
      <input_file id="fl-da">
         <path>C:\ti\ccs1250\ccs\tools\compiler\ti-cgt-arm_20.2.7.LTS\lib\</path>
         <kind>archive</kind>
         <file>rtsv7M4_T_le_v4SPD16_eabi.lib</file>
         <name>pre_init.c.obj</name>
      </input_file>
      <input_file id="fl-db">
         <path>C:\ti\ccs1250\ccs\tools\compiler\ti-cgt-arm_20.2.7.LTS\lib\</path>
         <kind>archive</kind>
         <file>rtsv7M4_T_le_v4SPD16_eabi.lib</file>
         <name>cpy_tbl.c.obj</name>
      </input_file>
      <input_file id="fl-dc">
         <path>C:\ti\ccs1250\ccs\tools\compiler\ti-cgt-arm_20.2.7.LTS\lib\</path>
         <kind>archive</kind>
         <file>rtsv7M4_T_le_v4SPD16_eabi.lib</file>
         <name>exit.c.obj</name>
      </input_file>
      <input_file id="fl-dd">
         <path>C:\ti\ccs1250\ccs\tools\compiler\ti-cgt-arm_20.2.7.LTS\lib\</path>
         <kind>archive</kind>
         <file>rtsv7M4_T_le_v4SPD16_eabi.lib</file>
         <name>_lock.c.obj</name>
      </input_file>
      <input_file id="fl-de">
         <path>C:\ti\ccs1250\ccs\tools\compiler\ti-cgt-arm_20.2.7.LTS\lib\</path>
         <kind>archive</kind>
         <file>rtsv7M4_T_le_v4SPD16_eabi.lib</file>
         <name>_ltoa.c.obj</name>
      </input_file>
      <input_file id="fl-df">
         <path>C:\ti\ccs1250\ccs\tools\compiler\ti-cgt-arm_20.2.7.LTS\lib\</path>
         <kind>archive</kind>
         <file>rtsv7M4_T_le_v4SPD16_eabi.lib</file>
         <name>args_main.c.obj</name>
      </input_file>
      <input_file id="fl-e0">
         <path>C:\ti\ccs1250\ccs\tools\compiler\ti-cgt-arm_20.2.7.LTS\lib\</path>
         <kind>archive</kind>
         <file>rtsv7M4_T_le_v4SPD16_eabi.lib</file>
         <name>atoi.c.obj</name>
      </input_file>
      <input_file id="fl-e1">
         <path>C:\ti\ccs1250\ccs\tools\compiler\ti-cgt-arm_20.2.7.LTS\lib\</path>
         <kind>archive</kind>
         <file>rtsv7M4_T_le_v4SPD16_eabi.lib</file>
         <name>ctype.c.obj</name>
      </input_file>
      <input_file id="fl-e2">
         <path>C:\ti\ccs1250\ccs\tools\compiler\ti-cgt-arm_20.2.7.LTS\lib\</path>
         <kind>archive</kind>
         <file>rtsv7M4_T_le_v4SPD16_eabi.lib</file>
         <name>memccpy.c.obj</name>
      </input_file>
      <input_file id="fl-e3">
         <path>C:\ti\ccs1250\ccs\tools\compiler\ti-cgt-arm_20.2.7.LTS\lib\</path>
         <kind>archive</kind>
         <file>rtsv7M4_T_le_v4SPD16_eabi.lib</file>
         <name>strchr.c.obj</name>
      </input_file>
      <input_file id="fl-e4">
         <path>C:\ti\ccs1250\ccs\tools\compiler\ti-cgt-arm_20.2.7.LTS\lib\</path>
         <kind>archive</kind>
         <file>rtsv7M4_T_le_v4SPD16_eabi.lib</file>
         <name>strlen.c.obj</name>
      </input_file>
      <input_file id="fl-e5">
         <path>C:\ti\ccs1250\ccs\tools\compiler\ti-cgt-arm_20.2.7.LTS\lib\</path>
         <kind>archive</kind>
         <file>rtsv7M4_T_le_v4SPD16_eabi.lib</file>
         <name>errno.c.obj</name>
      </input_file>
      <input_file id="fl-e6">
         <path>C:\ti\ccs1250\ccs\tools\compiler\ti-cgt-arm_20.2.7.LTS\lib\</path>
         <kind>archive</kind>
         <file>rtsv7M4_T_le_v4SPD16_eabi.lib</file>
         <name>wcslen.c.obj</name>
      </input_file>
      <input_file id="fl-e7">
         <path>C:\ti\ccs1250\ccs\tools\compiler\ti-cgt-arm_20.2.7.LTS\lib\</path>
         <kind>archive</kind>
         <file>rtsv7M4_T_le_v4SPD16_eabi.lib</file>
         <name>s_frexp.c.obj</name>
      </input_file>
      <input_file id="fl-e8">
         <path>C:\ti\ccs1250\ccs\tools\compiler\ti-cgt-arm_20.2.7.LTS\lib\</path>
         <kind>archive</kind>
         <file>rtsv7M4_T_le_v4SPD16_eabi.lib</file>
         <name>s_scalbn.c.obj</name>
      </input_file>
      <input_file id="fl-e9">
         <path>C:\ti\ccs1250\ccs\tools\compiler\ti-cgt-arm_20.2.7.LTS\lib\</path>
         <kind>archive</kind>
         <file>rtsv7M4_T_le_v4SPD16_eabi.lib</file>
         <name>div0.asm.obj</name>
      </input_file>
      <input_file id="fl-ea">
         <path>C:\ti\ccs1250\ccs\tools\compiler\ti-cgt-arm_20.2.7.LTS\lib\</path>
         <kind>archive</kind>
         <file>rtsv7M4_T_le_v4SPD16_eabi.lib</file>
         <name>s_copysign.c.obj</name>
      </input_file>
      <input_file id="fl-eb">
         <path>C:\Users\MACHCREATOR\workspace_v12\simplelink_msp432p4_sdk_3_40_01_02\simplelink_msp432p4_sdk_3_40_01_02\source\ti\devices\msp432p4xx\driverlib\ccs\</path>
         <kind>archive</kind>
         <file>msp432p4xx_driverlib.lib</file>
         <name>adc14.o</name>
      </input_file>
      <input_file id="fl-ec">
         <path>C:\Users\MACHCREATOR\workspace_v12\simplelink_msp432p4_sdk_3_40_01_02\simplelink_msp432p4_sdk_3_40_01_02\source\ti\devices\msp432p4xx\driverlib\ccs\</path>
         <kind>archive</kind>
         <file>msp432p4xx_driverlib.lib</file>
         <name>cs.o</name>
      </input_file>
      <input_file id="fl-ed">
         <path>C:\Users\MACHCREATOR\workspace_v12\simplelink_msp432p4_sdk_3_40_01_02\simplelink_msp432p4_sdk_3_40_01_02\source\ti\devices\msp432p4xx\driverlib\ccs\</path>
         <kind>archive</kind>
         <file>msp432p4xx_driverlib.lib</file>
         <name>flash.o</name>
      </input_file>
      <input_file id="fl-ee">
         <path>C:\Users\MACHCREATOR\workspace_v12\simplelink_msp432p4_sdk_3_40_01_02\simplelink_msp432p4_sdk_3_40_01_02\source\ti\devices\msp432p4xx\driverlib\ccs\</path>
         <kind>archive</kind>
         <file>msp432p4xx_driverlib.lib</file>
         <name>gpio.o</name>
      </input_file>
      <input_file id="fl-ef">
         <path>C:\Users\MACHCREATOR\workspace_v12\simplelink_msp432p4_sdk_3_40_01_02\simplelink_msp432p4_sdk_3_40_01_02\source\ti\devices\msp432p4xx\driverlib\ccs\</path>
         <kind>archive</kind>
         <file>msp432p4xx_driverlib.lib</file>
         <name>interrupt.o</name>
      </input_file>
      <input_file id="fl-f0">
         <path>C:\Users\MACHCREATOR\workspace_v12\simplelink_msp432p4_sdk_3_40_01_02\simplelink_msp432p4_sdk_3_40_01_02\source\ti\devices\msp432p4xx\driverlib\ccs\</path>
         <kind>archive</kind>
         <file>msp432p4xx_driverlib.lib</file>
         <name>pcm.o</name>
      </input_file>
      <input_file id="fl-f1">
         <path>C:\Users\MACHCREATOR\workspace_v12\simplelink_msp432p4_sdk_3_40_01_02\simplelink_msp432p4_sdk_3_40_01_02\source\ti\devices\msp432p4xx\driverlib\ccs\</path>
         <kind>archive</kind>
         <file>msp432p4xx_driverlib.lib</file>
         <name>rtc_c.o</name>
      </input_file>
      <input_file id="fl-f2">
         <path>C:\Users\MACHCREATOR\workspace_v12\simplelink_msp432p4_sdk_3_40_01_02\simplelink_msp432p4_sdk_3_40_01_02\source\ti\devices\msp432p4xx\driverlib\ccs\</path>
         <kind>archive</kind>
         <file>msp432p4xx_driverlib.lib</file>
         <name>spi.o</name>
      </input_file>
      <input_file id="fl-f3">
         <path>C:\Users\MACHCREATOR\workspace_v12\simplelink_msp432p4_sdk_3_40_01_02\simplelink_msp432p4_sdk_3_40_01_02\source\ti\devices\msp432p4xx\driverlib\ccs\</path>
         <kind>archive</kind>
         <file>msp432p4xx_driverlib.lib</file>
         <name>sysctl.o</name>
      </input_file>
      <input_file id="fl-f4">
         <path>C:\Users\MACHCREATOR\workspace_v12\simplelink_msp432p4_sdk_3_40_01_02\simplelink_msp432p4_sdk_3_40_01_02\source\ti\devices\msp432p4xx\driverlib\ccs\</path>
         <kind>archive</kind>
         <file>msp432p4xx_driverlib.lib</file>
         <name>sysctl_a.o</name>
      </input_file>
      <input_file id="fl-f5">
         <path>C:\Users\MACHCREATOR\workspace_v12\simplelink_msp432p4_sdk_3_40_01_02\simplelink_msp432p4_sdk_3_40_01_02\source\ti\devices\msp432p4xx\driverlib\ccs\</path>
         <kind>archive</kind>
         <file>msp432p4xx_driverlib.lib</file>
         <name>wdt_a.o</name>
      </input_file>
      <input_file id="fl-f6">
         <path>C:\Users\MACHCREATOR\workspace_v12\simplelink_msp432p4_sdk_3_40_01_02\simplelink_msp432p4_sdk_3_40_01_02\source\ti\devices\msp432p4xx\driverlib\ccs\</path>
         <kind>archive</kind>
         <file>msp432p4xx_driverlib.lib</file>
         <name>cpu.o</name>
      </input_file>
      <input_file id="fl-f7">
         <path>C:\Users\MACHCREATOR\workspace_v12\simplelink_msp432p4_sdk_3_40_01_02\simplelink_msp432p4_sdk_3_40_01_02\source\ti\grlib\lib\ccs\m4f\</path>
         <kind>archive</kind>
         <file>grlib.a</file>
         <name>button.obj</name>
      </input_file>
      <input_file id="fl-f8">
         <path>C:\Users\MACHCREATOR\workspace_v12\simplelink_msp432p4_sdk_3_40_01_02\simplelink_msp432p4_sdk_3_40_01_02\source\ti\grlib\lib\ccs\m4f\</path>
         <kind>archive</kind>
         <file>grlib.a</file>
         <name>context.obj</name>
      </input_file>
      <input_file id="fl-f9">
         <path>C:\Users\MACHCREATOR\workspace_v12\simplelink_msp432p4_sdk_3_40_01_02\simplelink_msp432p4_sdk_3_40_01_02\source\ti\grlib\lib\ccs\m4f\</path>
         <kind>archive</kind>
         <file>grlib.a</file>
         <name>display.obj</name>
      </input_file>
      <input_file id="fl-fa">
         <path>C:\Users\MACHCREATOR\workspace_v12\simplelink_msp432p4_sdk_3_40_01_02\simplelink_msp432p4_sdk_3_40_01_02\source\ti\grlib\lib\ccs\m4f\</path>
         <kind>archive</kind>
         <file>grlib.a</file>
         <name>fontfixed6x8.obj</name>
      </input_file>
      <input_file id="fl-fb">
         <path>C:\Users\MACHCREATOR\workspace_v12\simplelink_msp432p4_sdk_3_40_01_02\simplelink_msp432p4_sdk_3_40_01_02\source\ti\grlib\lib\ccs\m4f\</path>
         <kind>archive</kind>
         <file>grlib.a</file>
         <name>image.obj</name>
      </input_file>
      <input_file id="fl-fc">
         <path>C:\Users\MACHCREATOR\workspace_v12\simplelink_msp432p4_sdk_3_40_01_02\simplelink_msp432p4_sdk_3_40_01_02\source\ti\grlib\lib\ccs\m4f\</path>
         <kind>archive</kind>
         <file>grlib.a</file>
         <name>rectangle.obj</name>
      </input_file>
      <input_file id="fl-fd">
         <path>C:\Users\MACHCREATOR\workspace_v12\simplelink_msp432p4_sdk_3_40_01_02\simplelink_msp432p4_sdk_3_40_01_02\source\ti\grlib\lib\ccs\m4f\</path>
         <kind>archive</kind>
         <file>grlib.a</file>
         <name>string.obj</name>
      </input_file>
      <input_file id="fl-fe">
         <path>C:\Users\MACHCREATOR\workspace_v12\simplelink_msp432p4_sdk_3_40_01_02\simplelink_msp432p4_sdk_3_40_01_02\source\ti\grlib\lib\ccs\m4f\</path>
         <kind>archive</kind>
         <file>grlib.a</file>
         <name>line.obj</name>
      </input_file>
   </input_file_list>
   <object_component_list>
      <object_component id="oc-26">
         <name>.intvecs:retain</name>
         <load_address>0x0</load_address>
         <run_address>0x0</run_address>
         <size>0xe4</size>
         <input_file_ref idref="fl-3"/>
      </object_component>
      <object_component id="oc-324">
         <name>.text:__TI_printfi</name>
         <load_address>0xe4</load_address>
         <run_address>0xe4</run_address>
         <size>0xa4e</size>
         <input_file_ref idref="fl-d0"/>
      </object_component>
      <object_component id="oc-602">
         <name>.text</name>
         <load_address>0xb32</load_address>
         <run_address>0xb32</run_address>
         <size>0x2</size>
         <input_file_ref idref="fl-e9"/>
      </object_component>
      <object_component id="oc-2ff">
         <name>.text</name>
         <load_address>0xb34</load_address>
         <run_address>0xb34</run_address>
         <size>0x680</size>
         <input_file_ref idref="fl-5"/>
      </object_component>
      <object_component id="oc-23d">
         <name>.text:Graphics_drawString</name>
         <load_address>0x11b4</load_address>
         <run_address>0x11b4</run_address>
         <size>0x47e</size>
         <input_file_ref idref="fl-fd"/>
      </object_component>
      <object_component id="oc-1f6">
         <name>.text:Graphics_drawImage</name>
         <load_address>0x1632</load_address>
         <run_address>0x1632</run_address>
         <size>0x390</size>
         <input_file_ref idref="fl-fb"/>
      </object_component>
      <object_component id="oc-109">
         <name>.text</name>
         <load_address>0x19c4</load_address>
         <run_address>0x19c4</run_address>
         <size>0x380</size>
         <input_file_ref idref="fl-9"/>
      </object_component>
      <object_component id="oc-b7">
         <name>.text</name>
         <load_address>0x1d44</load_address>
         <run_address>0x1d44</run_address>
         <size>0x334</size>
         <input_file_ref idref="fl-4"/>
      </object_component>
      <object_component id="oc-48a">
         <name>.text:_pconv_a</name>
         <load_address>0x2078</load_address>
         <run_address>0x2078</run_address>
         <size>0x270</size>
         <input_file_ref idref="fl-d0"/>
      </object_component>
      <object_component id="oc-197">
         <name>.text</name>
         <load_address>0x22e8</load_address>
         <run_address>0x22e8</run_address>
         <size>0x224</size>
         <input_file_ref idref="fl-7"/>
      </object_component>
      <object_component id="oc-10f">
         <name>.text</name>
         <load_address>0x250c</load_address>
         <run_address>0x250c</run_address>
         <size>0x1e4</size>
         <input_file_ref idref="fl-8"/>
      </object_component>
      <object_component id="oc-478">
         <name>.text:_pconv_g</name>
         <load_address>0x26f0</load_address>
         <run_address>0x26f0</run_address>
         <size>0x1d0</size>
         <input_file_ref idref="fl-d0"/>
      </object_component>
      <object_component id="oc-578">
         <name>.text</name>
         <load_address>0x28c0</load_address>
         <run_address>0x28c0</run_address>
         <size>0x1b6</size>
         <input_file_ref idref="fl-d1"/>
      </object_component>
      <object_component id="oc-d0">
         <name>.text</name>
         <load_address>0x2a78</load_address>
         <run_address>0x2a78</run_address>
         <size>0x1a4</size>
         <input_file_ref idref="fl-e"/>
      </object_component>
      <object_component id="oc-18d">
         <name>.text:_getIndexForMemRegister</name>
         <load_address>0x2c1c</load_address>
         <run_address>0x2c1c</run_address>
         <size>0x160</size>
         <input_file_ref idref="fl-eb"/>
      </object_component>
      <object_component id="oc-5d7">
         <name>.text:__PCM_setPowerModeAdvanced</name>
         <load_address>0x2d7c</load_address>
         <run_address>0x2d7c</run_address>
         <size>0x15c</size>
         <input_file_ref idref="fl-f0"/>
      </object_component>
      <object_component id="oc-484">
         <name>.text:_pconv_e</name>
         <load_address>0x2ed8</load_address>
         <run_address>0x2ed8</run_address>
         <size>0x13c</size>
         <input_file_ref idref="fl-d0"/>
      </object_component>
      <object_component id="oc-55e">
         <name>.text</name>
         <load_address>0x3014</load_address>
         <run_address>0x3014</run_address>
         <size>0x136</size>
         <input_file_ref idref="fl-d3"/>
      </object_component>
      <object_component id="oc-1fc">
         <name>.text:CS_initClockSignal</name>
         <load_address>0x314c</load_address>
         <run_address>0x314c</run_address>
         <size>0x130</size>
         <input_file_ref idref="fl-ec"/>
      </object_component>
      <object_component id="oc-58a">
         <name>.text:fcvt</name>
         <load_address>0x327c</load_address>
         <run_address>0x327c</run_address>
         <size>0x124</size>
         <input_file_ref idref="fl-d0"/>
      </object_component>
      <object_component id="oc-6d">
         <name>.text</name>
         <load_address>0x33a0</load_address>
         <run_address>0x33a0</run_address>
         <size>0x114</size>
         <input_file_ref idref="fl-b"/>
      </object_component>
      <object_component id="oc-3a3">
         <name>.text:Graphics_fillRectangle</name>
         <load_address>0x34b4</load_address>
         <run_address>0x34b4</run_address>
         <size>0x112</size>
         <input_file_ref idref="fl-fc"/>
      </object_component>
      <object_component id="oc-59e">
         <name>.text:scalbn</name>
         <load_address>0x35c8</load_address>
         <run_address>0x35c8</run_address>
         <size>0x110</size>
         <input_file_ref idref="fl-e8"/>
      </object_component>
      <object_component id="oc-222">
         <name>.text:Graphics_drawButton</name>
         <load_address>0x36d8</load_address>
         <run_address>0x36d8</run_address>
         <size>0x108</size>
         <input_file_ref idref="fl-f7"/>
      </object_component>
      <object_component id="oc-40c">
         <name>.text:__PCM_setCoreVoltageLevelAdvanced</name>
         <load_address>0x37e0</load_address>
         <run_address>0x37e0</run_address>
         <size>0x108</size>
         <input_file_ref idref="fl-f0"/>
      </object_component>
      <object_component id="oc-559">
         <name>.text</name>
         <load_address>0x38e8</load_address>
         <run_address>0x38e8</run_address>
         <size>0xfc</size>
         <input_file_ref idref="fl-d4"/>
      </object_component>
      <object_component id="oc-419">
         <name>.text:CS_startLFXTWithTimeout</name>
         <load_address>0x39e4</load_address>
         <run_address>0x39e4</run_address>
         <size>0xe0</size>
         <input_file_ref idref="fl-ec"/>
      </object_component>
      <object_component id="oc-439">
         <name>.text</name>
         <load_address>0x3ac4</load_address>
         <run_address>0x3ac4</run_address>
         <size>0xcc</size>
         <input_file_ref idref="fl-6"/>
      </object_component>
      <object_component id="oc-79">
         <name>.text</name>
         <load_address>0x3b90</load_address>
         <run_address>0x3b90</run_address>
         <size>0xc4</size>
         <input_file_ref idref="fl-d"/>
      </object_component>
      <object_component id="oc-2e7">
         <name>.text:ADC14_configureConversionMemory</name>
         <load_address>0x3c54</load_address>
         <run_address>0x3c54</run_address>
         <size>0xb4</size>
         <input_file_ref idref="fl-eb"/>
      </object_component>
      <object_component id="oc-2e1">
         <name>.text:ADC14_configureMultiSequenceMode</name>
         <load_address>0x3d08</load_address>
         <run_address>0x3d08</run_address>
         <size>0xb4</size>
         <input_file_ref idref="fl-eb"/>
      </object_component>
      <object_component id="oc-46d">
         <name>.text:_ltostr</name>
         <load_address>0x3dbc</load_address>
         <run_address>0x3dbc</run_address>
         <size>0xb1</size>
         <input_file_ref idref="fl-d0"/>
      </object_component>
      <object_component id="oc-52d">
         <name>.text:SPI_initMaster</name>
         <load_address>0x3e6e</load_address>
         <run_address>0x3e6e</run_address>
         <size>0xb0</size>
         <input_file_ref idref="fl-f2"/>
      </object_component>
      <object_component id="oc-3ca">
         <name>.text:Graphics_drawLineH</name>
         <load_address>0x3f1e</load_address>
         <run_address>0x3f1e</run_address>
         <size>0x9c</size>
         <input_file_ref idref="fl-fe"/>
      </object_component>
      <object_component id="oc-103">
         <name>.text</name>
         <load_address>0x3fbc</load_address>
         <run_address>0x3fbc</run_address>
         <size>0x9c</size>
         <input_file_ref idref="fl-a"/>
      </object_component>
      <object_component id="oc-37">
         <name>.text</name>
         <load_address>0x4058</load_address>
         <run_address>0x4058</run_address>
         <size>0x9c</size>
         <input_file_ref idref="fl-cb"/>
      </object_component>
      <object_component id="oc-552">
         <name>.text</name>
         <load_address>0x40f4</load_address>
         <run_address>0x40f4</run_address>
         <size>0x96</size>
         <input_file_ref idref="fl-d8"/>
      </object_component>
      <object_component id="oc-e4">
         <name>.text:RTC_C_getEnabledInterruptStatus</name>
         <load_address>0x418c</load_address>
         <run_address>0x418c</run_address>
         <size>0x94</size>
         <input_file_ref idref="fl-f1"/>
      </object_component>
      <object_component id="oc-2a5">
         <name>.text:RTC_C_initCalendar</name>
         <load_address>0x4220</load_address>
         <run_address>0x4220</run_address>
         <size>0x94</size>
         <input_file_ref idref="fl-f1"/>
      </object_component>
      <object_component id="oc-2cf">
         <name>.text:GPIO_setAsPeripheralModuleFunctionInputPin</name>
         <load_address>0x42b4</load_address>
         <run_address>0x42b4</run_address>
         <size>0x88</size>
         <input_file_ref idref="fl-ee"/>
      </object_component>
      <object_component id="oc-293">
         <name>.text:GPIO_setAsPeripheralModuleFunctionOutputPin</name>
         <load_address>0x433c</load_address>
         <run_address>0x433c</run_address>
         <size>0x88</size>
         <input_file_ref idref="fl-ee"/>
      </object_component>
      <object_component id="oc-473">
         <name>.text:__aeabi_cdcmple</name>
         <load_address>0x43c4</load_address>
         <run_address>0x43c4</run_address>
         <size>0x86</size>
         <input_file_ref idref="fl-d2"/>
      </object_component>
      <object_component id="oc-563">
         <name>.text:__aeabi_cdrcmple</name>
         <load_address>0x444a</load_address>
         <run_address>0x444a</run_address>
         <size>0x86</size>
         <input_file_ref idref="fl-d2"/>
      </object_component>
      <object_component id="oc-f7">
         <name>.text:GPIO_getEnabledInterruptStatus</name>
         <load_address>0x44d0</load_address>
         <run_address>0x44d0</run_address>
         <size>0x84</size>
         <input_file_ref idref="fl-ee"/>
      </object_component>
      <object_component id="oc-2bd">
         <name>.text:Interrupt_enableInterrupt</name>
         <load_address>0x4554</load_address>
         <run_address>0x4554</run_address>
         <size>0x80</size>
         <input_file_ref idref="fl-ef"/>
      </object_component>
      <object_component id="oc-1a3">
         <name>.text:RTC_C_getCalendarTime</name>
         <load_address>0x45d4</load_address>
         <run_address>0x45d4</run_address>
         <size>0x7c</size>
         <input_file_ref idref="fl-f1"/>
      </object_component>
      <object_component id="oc-99">
         <name>.text</name>
         <load_address>0x4650</load_address>
         <run_address>0x4650</run_address>
         <size>0x7a</size>
         <input_file_ref idref="fl-d7"/>
      </object_component>
      <object_component id="oc-583">
         <name>.text:_mcpy</name>
         <load_address>0x46ca</load_address>
         <run_address>0x46ca</run_address>
         <size>0x6e</size>
         <input_file_ref idref="fl-d0"/>
      </object_component>
      <object_component id="oc-357">
         <name>.text:Graphics_convertPalette</name>
         <load_address>0x4738</load_address>
         <run_address>0x4738</run_address>
         <size>0x6c</size>
         <input_file_ref idref="fl-fb"/>
      </object_component>
      <object_component id="oc-17">
         <name>.text:decompress:lzss:__TI_decompress_lzss</name>
         <load_address>0x47a4</load_address>
         <run_address>0x47a4</run_address>
         <size>0x68</size>
         <input_file_ref idref="fl-ce"/>
      </object_component>
      <object_component id="oc-2b1">
         <name>.text:RTC_C_enableInterrupt</name>
         <load_address>0x480c</load_address>
         <run_address>0x480c</run_address>
         <size>0x64</size>
         <input_file_ref idref="fl-f1"/>
      </object_component>
      <object_component id="oc-598">
         <name>.text:frexp</name>
         <load_address>0x4870</load_address>
         <run_address>0x4870</run_address>
         <size>0x64</size>
         <input_file_ref idref="fl-e7"/>
      </object_component>
      <object_component id="oc-4ff">
         <name>.text:PCM_getCoreVoltageLevel</name>
         <load_address>0x48d4</load_address>
         <run_address>0x48d4</run_address>
         <size>0x5e</size>
         <input_file_ref idref="fl-f0"/>
      </object_component>
      <object_component id="oc-1e2">
         <name>.text:RTC_C_getInterruptStatus</name>
         <load_address>0x4934</load_address>
         <run_address>0x4934</run_address>
         <size>0x5c</size>
         <input_file_ref idref="fl-f1"/>
      </object_component>
      <object_component id="oc-4f9">
         <name>.text:PCM_getPowerMode</name>
         <load_address>0x4990</load_address>
         <run_address>0x4990</run_address>
         <size>0x5a</size>
         <input_file_ref idref="fl-f0"/>
      </object_component>
      <object_component id="oc-2c3">
         <name>.text:GPIO_setAsInputPinWithPullUpResistor</name>
         <load_address>0x49ec</load_address>
         <run_address>0x49ec</run_address>
         <size>0x58</size>
         <input_file_ref idref="fl-ee"/>
      </object_component>
      <object_component id="oc-ea">
         <name>.text:RTC_C_clearInterruptFlag</name>
         <load_address>0x4a44</load_address>
         <run_address>0x4a44</run_address>
         <size>0x58</size>
         <input_file_ref idref="fl-f1"/>
      </object_component>
      <object_component id="oc-47e">
         <name>.text:_pconv_f</name>
         <load_address>0x4a9c</load_address>
         <run_address>0x4a9c</run_address>
         <size>0x56</size>
         <input_file_ref idref="fl-d0"/>
      </object_component>
      <object_component id="oc-2db">
         <name>.text:ADC14_initModule</name>
         <load_address>0x4af4</load_address>
         <run_address>0x4af4</run_address>
         <size>0x54</size>
         <input_file_ref idref="fl-eb"/>
      </object_component>
      <object_component id="oc-56d">
         <name>.text:__TI_ltoa</name>
         <load_address>0x4b48</load_address>
         <run_address>0x4b48</run_address>
         <size>0x54</size>
         <input_file_ref idref="fl-de"/>
      </object_component>
      <object_component id="oc-305">
         <name>.text:Graphics_initContext</name>
         <load_address>0x4b9c</load_address>
         <run_address>0x4b9c</run_address>
         <size>0x52</size>
         <input_file_ref idref="fl-f8"/>
      </object_component>
      <object_component id="oc-57d">
         <name>.text:_ecpy</name>
         <load_address>0x4bee</load_address>
         <run_address>0x4bee</run_address>
         <size>0x52</size>
         <input_file_ref idref="fl-d0"/>
      </object_component>
      <object_component id="oc-467">
         <name>.text:atoi</name>
         <load_address>0x4c40</load_address>
         <run_address>0x4c40</run_address>
         <size>0x4c</size>
         <input_file_ref idref="fl-e0"/>
      </object_component>
      <object_component id="oc-28d">
         <name>.text:FlashCtl_setWaitState</name>
         <load_address>0x4c8c</load_address>
         <run_address>0x4c8c</run_address>
         <size>0x48</size>
         <input_file_ref idref="fl-ed"/>
      </object_component>
      <object_component id="oc-568">
         <name>.text</name>
         <load_address>0x4cd4</load_address>
         <run_address>0x4cd4</run_address>
         <size>0x48</size>
         <input_file_ref idref="fl-d5"/>
      </object_component>
      <object_component id="oc-35d">
         <name>.text:Graphics_drawMultiplePixelsOnDisplay</name>
         <load_address>0x4d1c</load_address>
         <run_address>0x4d1c</run_address>
         <size>0x46</size>
         <input_file_ref idref="fl-f9"/>
      </object_component>
      <object_component id="oc-145">
         <name>.text:__TI_auto_init_nobinit_nopinit:__TI_auto_init_nobinit_nopinit</name>
         <load_address>0x4d64</load_address>
         <run_address>0x4d64</run_address>
         <size>0x44</size>
         <input_file_ref idref="fl-d9"/>
      </object_component>
      <object_component id="oc-27b">
         <name>.text:GPIO_setAsOutputPin</name>
         <load_address>0x4da8</load_address>
         <run_address>0x4da8</run_address>
         <size>0x40</size>
         <input_file_ref idref="fl-ee"/>
      </object_component>
      <object_component id="oc-3c4">
         <name>.text:Graphics_getNumberOfLeadingZeros</name>
         <load_address>0x4de8</load_address>
         <run_address>0x4de8</run_address>
         <size>0x40</size>
         <input_file_ref idref="fl-fd"/>
      </object_component>
      <object_component id="oc-5e3">
         <name>.text:is_A_Module</name>
         <load_address>0x4e28</load_address>
         <run_address>0x4e28</run_address>
         <size>0x40</size>
         <input_file_ref idref="fl-f2"/>
      </object_component>
      <object_component id="oc-19d">
         <name>.text:sprintf</name>
         <load_address>0x4e68</load_address>
         <run_address>0x4e68</run_address>
         <size>0x40</size>
         <input_file_ref idref="fl-ca"/>
      </object_component>
      <object_component id="oc-590">
         <name>.text:_fcpy</name>
         <load_address>0x4ea8</load_address>
         <run_address>0x4ea8</run_address>
         <size>0x3e</size>
         <input_file_ref idref="fl-d0"/>
      </object_component>
      <object_component id="oc-2ab">
         <name>.text:RTC_C_setCalendarEvent</name>
         <load_address>0x4ee8</load_address>
         <run_address>0x4ee8</run_address>
         <size>0x3c</size>
         <input_file_ref idref="fl-f1"/>
      </object_component>
      <object_component id="oc-be">
         <name>.text:ADC14_getEnabledInterruptStatus</name>
         <load_address>0x4f24</load_address>
         <run_address>0x4f24</run_address>
         <size>0x38</size>
         <input_file_ref idref="fl-eb"/>
      </object_component>
      <object_component id="oc-4e0">
         <name>.text:Graphics_drawHorizontalLineOnDisplay</name>
         <load_address>0x4f5c</load_address>
         <run_address>0x4f5c</run_address>
         <size>0x36</size>
         <input_file_ref idref="fl-f9"/>
      </object_component>
      <object_component id="oc-2f3">
         <name>.text:ADC14_enableSampleTimer</name>
         <load_address>0x4f94</load_address>
         <run_address>0x4f94</run_address>
         <size>0x34</size>
         <input_file_ref idref="fl-eb"/>
      </object_component>
      <object_component id="oc-55">
         <name>.text:_c_int00_noargs:_c_int00_noargs</name>
         <load_address>0x4fc8</load_address>
         <run_address>0x4fc8</run_address>
         <size>0x34</size>
         <input_file_ref idref="fl-cf"/>
      </object_component>
      <object_component id="oc-c4">
         <name>.text:ADC14_clearInterruptFlag</name>
         <load_address>0x4ffc</load_address>
         <run_address>0x4ffc</run_address>
         <size>0x30</size>
         <input_file_ref idref="fl-eb"/>
      </object_component>
      <object_component id="oc-2ed">
         <name>.text:ADC14_enableInterrupt</name>
         <load_address>0x502c</load_address>
         <run_address>0x502c</run_address>
         <size>0x30</size>
         <input_file_ref idref="fl-eb"/>
      </object_component>
      <object_component id="oc-573">
         <name>.text</name>
         <load_address>0x505c</load_address>
         <run_address>0x505c</run_address>
         <size>0x2e</size>
         <input_file_ref idref="fl-d6"/>
      </object_component>
      <object_component id="oc-17b">
         <name>.text:ADC14_getInterruptStatus</name>
         <load_address>0x508c</load_address>
         <run_address>0x508c</run_address>
         <size>0x2c</size>
         <input_file_ref idref="fl-eb"/>
      </object_component>
      <object_component id="oc-1af">
         <name>.text:ADC14_toggleConversionTrigger</name>
         <load_address>0x50b8</load_address>
         <run_address>0x50b8</run_address>
         <size>0x2c</size>
         <input_file_ref idref="fl-eb"/>
      </object_component>
      <object_component id="oc-363">
         <name>.text:Graphics_drawPixelOnDisplay</name>
         <load_address>0x50e4</load_address>
         <run_address>0x50e4</run_address>
         <size>0x2c</size>
         <input_file_ref idref="fl-f9"/>
      </object_component>
      <object_component id="oc-2b7">
         <name>.text:RTC_C_startClock</name>
         <load_address>0x5110</load_address>
         <run_address>0x5110</run_address>
         <size>0x2c</size>
         <input_file_ref idref="fl-f1"/>
      </object_component>
      <object_component id="oc-2f9">
         <name>.text:ADC14_enableConversion</name>
         <load_address>0x513c</load_address>
         <run_address>0x513c</run_address>
         <size>0x28</size>
         <input_file_ref idref="fl-eb"/>
      </object_component>
      <object_component id="oc-ca">
         <name>.text:ADC14_getResult</name>
         <load_address>0x5164</load_address>
         <run_address>0x5164</run_address>
         <size>0x28</size>
         <input_file_ref idref="fl-eb"/>
      </object_component>
      <object_component id="oc-fd">
         <name>.text:GPIO_clearInterruptFlag</name>
         <load_address>0x518c</load_address>
         <run_address>0x518c</run_address>
         <size>0x28</size>
         <input_file_ref idref="fl-ee"/>
      </object_component>
      <object_component id="oc-2c9">
         <name>.text:GPIO_enableInterrupt</name>
         <load_address>0x51b4</load_address>
         <run_address>0x51b4</run_address>
         <size>0x28</size>
         <input_file_ref idref="fl-ee"/>
      </object_component>
      <object_component id="oc-43f">
         <name>.text:GPIO_setOutputHighOnPin</name>
         <load_address>0x51dc</load_address>
         <run_address>0x51dc</run_address>
         <size>0x28</size>
         <input_file_ref idref="fl-ee"/>
      </object_component>
      <object_component id="oc-281">
         <name>.text:GPIO_setOutputLowOnPin</name>
         <load_address>0x5204</load_address>
         <run_address>0x5204</run_address>
         <size>0x28</size>
         <input_file_ref idref="fl-ee"/>
      </object_component>
      <object_component id="oc-f0">
         <name>.text:GPIO_toggleOutputOnPin</name>
         <load_address>0x522c</load_address>
         <run_address>0x522c</run_address>
         <size>0x28</size>
         <input_file_ref idref="fl-ee"/>
      </object_component>
      <object_component id="oc-132">
         <name>.text:PCM_gotoLPM0</name>
         <load_address>0x5254</load_address>
         <run_address>0x5254</run_address>
         <size>0x28</size>
         <input_file_ref idref="fl-f0"/>
      </object_component>
      <object_component id="oc-1ee">
         <name>.text:GPIO_getInterruptStatus</name>
         <load_address>0x527c</load_address>
         <run_address>0x527c</run_address>
         <size>0x24</size>
         <input_file_ref idref="fl-ee"/>
      </object_component>
      <object_component id="oc-299">
         <name>.text:CS_setExternalClockSourceFrequency</name>
         <load_address>0x52a0</load_address>
         <run_address>0x52a0</run_address>
         <size>0x20</size>
         <input_file_ref idref="fl-ec"/>
      </object_component>
      <object_component id="oc-4cc">
         <name>.text:Graphics_fillRectangleOnDisplay</name>
         <load_address>0x52c0</load_address>
         <run_address>0x52c0</run_address>
         <size>0x1e</size>
         <input_file_ref idref="fl-f9"/>
      </object_component>
      <object_component id="oc-73">
         <name>.text</name>
         <load_address>0x52de</load_address>
         <run_address>0x52de</run_address>
         <size>0x1e</size>
         <input_file_ref idref="fl-c"/>
      </object_component>
      <object_component id="oc-533">
         <name>.text:SPI_enableModule</name>
         <load_address>0x52fc</load_address>
         <run_address>0x52fc</run_address>
         <size>0x1c</size>
         <input_file_ref idref="fl-f2"/>
      </object_component>
      <object_component id="oc-490">
         <name>.text:memccpy</name>
         <load_address>0x5318</load_address>
         <run_address>0x5318</run_address>
         <size>0x1c</size>
         <input_file_ref idref="fl-e2"/>
      </object_component>
      <object_component id="oc-3b0">
         <name>.text:Graphics_clearDisplayOnDisplay</name>
         <load_address>0x5334</load_address>
         <run_address>0x5334</run_address>
         <size>0x1a</size>
         <input_file_ref idref="fl-f9"/>
      </object_component>
      <object_component id="oc-30b">
         <name>.text:Graphics_setBackgroundColor</name>
         <load_address>0x534e</load_address>
         <run_address>0x534e</run_address>
         <size>0x1a</size>
         <input_file_ref idref="fl-f8"/>
      </object_component>
      <object_component id="oc-311">
         <name>.text:Graphics_setFont</name>
         <load_address>0x5368</load_address>
         <run_address>0x5368</run_address>
         <size>0x1a</size>
         <input_file_ref idref="fl-f8"/>
      </object_component>
      <object_component id="oc-61b">
         <name>.text:copysign</name>
         <load_address>0x5382</load_address>
         <run_address>0x5382</run_address>
         <size>0x1a</size>
         <input_file_ref idref="fl-ea"/>
      </object_component>
      <object_component id="oc-51a">
         <name>.text:SysCtl_A_disableNMISource</name>
         <load_address>0x539c</load_address>
         <run_address>0x539c</run_address>
         <size>0x18</size>
         <input_file_ref idref="fl-f4"/>
      </object_component>
      <object_component id="oc-520">
         <name>.text:SysCtl_A_enableNMISource</name>
         <load_address>0x53b4</load_address>
         <run_address>0x53b4</run_address>
         <size>0x18</size>
         <input_file_ref idref="fl-f4"/>
      </object_component>
      <object_component id="oc-32a">
         <name>.text:_outs</name>
         <load_address>0x53cc</load_address>
         <run_address>0x53cc</run_address>
         <size>0x18</size>
         <input_file_ref idref="fl-ca"/>
      </object_component>
      <object_component id="oc-a5">
         <name>.text</name>
         <load_address>0x53e4</load_address>
         <run_address>0x53e4</run_address>
         <size>0x18</size>
         <input_file_ref idref="fl-2"/>
      </object_component>
      <object_component id="oc-5eb">
         <name>.text:EUSCI_A_SPI_enable</name>
         <load_address>0x53fc</load_address>
         <run_address>0x53fc</run_address>
         <size>0x16</size>
         <input_file_ref idref="fl-f2"/>
      </object_component>
      <object_component id="oc-5f1">
         <name>.text:EUSCI_B_SPI_enable</name>
         <load_address>0x5412</load_address>
         <run_address>0x5412</run_address>
         <size>0x16</size>
         <input_file_ref idref="fl-f2"/>
      </object_component>
      <object_component id="oc-237">
         <name>.text:Graphics_setForegroundColor</name>
         <load_address>0x5428</load_address>
         <run_address>0x5428</run_address>
         <size>0x16</size>
         <input_file_ref idref="fl-f8"/>
      </object_component>
      <object_component id="oc-3bd">
         <name>.text:Graphics_translateColorOnDisplay</name>
         <load_address>0x543e</load_address>
         <run_address>0x543e</run_address>
         <size>0x16</size>
         <input_file_ref idref="fl-f9"/>
      </object_component>
      <object_component id="oc-5a4">
         <name>.text:strchr</name>
         <load_address>0x5454</load_address>
         <run_address>0x5454</run_address>
         <size>0x16</size>
         <input_file_ref idref="fl-e3"/>
      </object_component>
      <object_component id="oc-505">
         <name>.text:PCM_getPowerState</name>
         <load_address>0x546c</load_address>
         <run_address>0x546c</run_address>
         <size>0x14</size>
         <input_file_ref idref="fl-f0"/>
      </object_component>
      <object_component id="oc-461">
         <name>.text:strlen</name>
         <load_address>0x5480</load_address>
         <run_address>0x5480</run_address>
         <size>0x14</size>
         <input_file_ref idref="fl-e4"/>
      </object_component>
      <object_component id="oc-228">
         <name>.text:Graphics_clearDisplay</name>
         <load_address>0x5494</load_address>
         <run_address>0x5494</run_address>
         <size>0x12</size>
         <input_file_ref idref="fl-f8"/>
      </object_component>
      <object_component id="oc-496">
         <name>.text:wcslen</name>
         <load_address>0x54a6</load_address>
         <run_address>0x54a6</run_address>
         <size>0x12</size>
         <input_file_ref idref="fl-e6"/>
      </object_component>
      <object_component id="oc-42d">
         <name>.text:ADCIsConversionRunning</name>
         <load_address>0x54b8</load_address>
         <run_address>0x54b8</run_address>
         <size>0x10</size>
         <input_file_ref idref="fl-eb"/>
      </object_component>
      <object_component id="oc-1a9">
         <name>.text:Interrupt_enableMaster</name>
         <load_address>0x54c8</load_address>
         <run_address>0x54c8</run_address>
         <size>0x10</size>
         <input_file_ref idref="fl-ef"/>
      </object_component>
      <object_component id="oc-287">
         <name>.text:PCM_setCoreVoltageLevel</name>
         <load_address>0x54d8</load_address>
         <run_address>0x54d8</run_address>
         <size>0x10</size>
         <input_file_ref idref="fl-f0"/>
      </object_component>
      <object_component id="oc-50b">
         <name>.text:PCM_setPowerMode</name>
         <load_address>0x54e8</load_address>
         <run_address>0x54e8</run_address>
         <size>0x10</size>
         <input_file_ref idref="fl-f0"/>
      </object_component>
      <object_component id="oc-514">
         <name>.text:SysCtl_A_getNMISourceStatus</name>
         <load_address>0x54f8</load_address>
         <run_address>0x54f8</run_address>
         <size>0x10</size>
         <input_file_ref idref="fl-f4"/>
      </object_component>
      <object_component id="oc-29f">
         <name>.text:CS_startLFXT</name>
         <load_address>0x5508</load_address>
         <run_address>0x5508</run_address>
         <size>0xe</size>
         <input_file_ref idref="fl-ec"/>
      </object_component>
      <object_component id="oc-1d">
         <name>.text:decompress:none:__TI_decompress_none</name>
         <load_address>0x5516</load_address>
         <run_address>0x5516</run_address>
         <size>0xe</size>
         <input_file_ref idref="fl-cd"/>
      </object_component>
      <object_component id="oc-67">
         <name>.text</name>
         <load_address>0x5524</load_address>
         <run_address>0x5524</run_address>
         <size>0xe</size>
         <input_file_ref idref="fl-3"/>
      </object_component>
      <object_component id="oc-2d5">
         <name>.text:ADC14_enableModule</name>
         <load_address>0x5534</load_address>
         <run_address>0x5534</run_address>
         <size>0xc</size>
         <input_file_ref idref="fl-eb"/>
      </object_component>
      <object_component id="oc-343">
         <name>.text:CPU_cpsie</name>
         <load_address>0x5540</load_address>
         <run_address>0x5540</run_address>
         <size>0xc</size>
         <input_file_ref idref="fl-f6"/>
      </object_component>
      <object_component id="oc-49">
         <name>.text:decompress:ZI:__TI_zero_init</name>
         <load_address>0x554c</load_address>
         <run_address>0x554c</run_address>
         <size>0xc</size>
         <input_file_ref idref="fl-cc"/>
      </object_component>
      <object_component id="oc-330">
         <name>.text:_outc</name>
         <load_address>0x5558</load_address>
         <run_address>0x5558</run_address>
         <size>0xa</size>
         <input_file_ref idref="fl-ca"/>
      </object_component>
      <object_component id="oc-49c">
         <name>.text:__aeabi_errno_addr</name>
         <load_address>0x5564</load_address>
         <run_address>0x5564</run_address>
         <size>0x8</size>
         <input_file_ref idref="fl-e5"/>
      </object_component>
      <object_component id="oc-248">
         <name>.text:CPU_wfi</name>
         <load_address>0x556c</load_address>
         <run_address>0x556c</run_address>
         <size>0x4</size>
         <input_file_ref idref="fl-f6"/>
      </object_component>
      <object_component id="oc-9f">
         <name>.text:_system_pre_init</name>
         <load_address>0x5570</load_address>
         <run_address>0x5570</run_address>
         <size>0x4</size>
         <input_file_ref idref="fl-da"/>
      </object_component>
      <object_component id="oc-139">
         <name>.text:abort:abort</name>
         <load_address>0x5574</load_address>
         <run_address>0x5574</run_address>
         <size>0x4</size>
         <input_file_ref idref="fl-dc"/>
      </object_component>
      <object_component id="oc-385">
         <name>.const:.string:pixel_fridgeLogo4BPP_UNCOMP</name>
         <load_address>0x5578</load_address>
         <run_address>0x5578</run_address>
         <size>0x2000</size>
         <input_file_ref idref="fl-a"/>
      </object_component>
      <object_component id="oc-38d">
         <name>.const:.string:pixel_Menu1BPP_UNCOMP</name>
         <load_address>0x7578</load_address>
         <run_address>0x7578</run_address>
         <size>0x800</size>
         <input_file_ref idref="fl-a"/>
      </object_component>
      <object_component id="oc-45b">
         <name>.const:.string:g_pucFontFixed6x8Data</name>
         <load_address>0x7d78</load_address>
         <run_address>0x7d78</run_address>
         <size>0x2f8</size>
         <input_file_ref idref="fl-fa"/>
      </object_component>
      <object_component id="oc-54d">
         <name>.const:.string:_ctypes_</name>
         <load_address>0x8070</load_address>
         <run_address>0x8070</run_address>
         <size>0x101</size>
         <input_file_ref idref="fl-e1"/>
      </object_component>
      <object_component id="oc-320">
         <name>.const:g_sFontFixed6x8</name>
         <load_address>0x8174</load_address>
         <run_address>0x8174</run_address>
         <size>0xc8</size>
         <input_file_ref idref="fl-fa"/>
      </object_component>
      <object_component id="oc-193">
         <name>.const:_ctlRegs</name>
         <load_address>0x823c</load_address>
         <run_address>0x823c</run_address>
         <size>0x80</size>
         <input_file_ref idref="fl-eb"/>
      </object_component>
      <object_component id="oc-39a">
         <name>.const:.string:pixel_BlueAddFoodMenu1BPP_UNCOMP</name>
         <load_address>0x82bc</load_address>
         <run_address>0x82bc</run_address>
         <size>0x48</size>
         <input_file_ref idref="fl-a"/>
      </object_component>
      <object_component id="oc-395">
         <name>.const:.string:pixel_BluefoodListMenu1BPP_UNCOMP</name>
         <load_address>0x8304</load_address>
         <run_address>0x8304</run_address>
         <size>0x48</size>
         <input_file_ref idref="fl-a"/>
      </object_component>
      <object_component id="oc-382">
         <name>.const:palette_fridgeLogo4BPP_UNCOMP</name>
         <load_address>0x834c</load_address>
         <run_address>0x834c</run_address>
         <size>0x40</size>
         <input_file_ref idref="fl-a"/>
      </object_component>
      <object_component id="oc-1ea">
         <name>.const:GPIO_PORT_TO_BASE</name>
         <load_address>0x838c</load_address>
         <run_address>0x838c</run_address>
         <size>0x30</size>
         <input_file_ref idref="fl-ee"/>
      </object_component>
      <object_component id="oc-31d">
         <name>.const:g_sCrystalfontz128x128_funcs</name>
         <load_address>0x83bc</load_address>
         <run_address>0x83bc</run_address>
         <size>0x20</size>
         <input_file_ref idref="fl-5"/>
      </object_component>
      <object_component id="oc-539">
         <name>.const:$P$T0$1</name>
         <load_address>0x83dc</load_address>
         <run_address>0x83dc</run_address>
         <size>0x1c</size>
         <input_file_ref idref="fl-6"/>
      </object_component>
      <object_component id="oc-317">
         <name>.const:$P$T0$1</name>
         <load_address>0x83f8</load_address>
         <run_address>0x83f8</run_address>
         <size>0x1c</size>
         <input_file_ref idref="fl-7"/>
      </object_component>
      <object_component id="oc-218">
         <name>.const:BlueAddFoodMenu1BPP_UNCOMP</name>
         <load_address>0x8414</load_address>
         <run_address>0x8414</run_address>
         <size>0x10</size>
         <input_file_ref idref="fl-a"/>
      </object_component>
      <object_component id="oc-21b">
         <name>.const:BlueAddFoodMenuSelected1BPP_UNCOMP</name>
         <load_address>0x8424</load_address>
         <run_address>0x8424</run_address>
         <size>0x10</size>
         <input_file_ref idref="fl-a"/>
      </object_component>
      <object_component id="oc-21e">
         <name>.const:BluefoodListMenu1BPP_UNCOMP</name>
         <load_address>0x8434</load_address>
         <run_address>0x8434</run_address>
         <size>0x10</size>
         <input_file_ref idref="fl-a"/>
      </object_component>
      <object_component id="oc-215">
         <name>.const:BluefoodListMenuSelected1BPP_UNCOMP</name>
         <load_address>0x8444</load_address>
         <run_address>0x8444</run_address>
         <size>0x10</size>
         <input_file_ref idref="fl-a"/>
      </object_component>
      <object_component id="oc-212">
         <name>.const:Menu1BPP_UNCOMP</name>
         <load_address>0x8454</load_address>
         <run_address>0x8454</run_address>
         <size>0x10</size>
         <input_file_ref idref="fl-a"/>
      </object_component>
      <object_component id="oc-20f">
         <name>.const:fridgeLogo4BPP_UNCOMP</name>
         <load_address>0x8464</load_address>
         <run_address>0x8464</run_address>
         <size>0x10</size>
         <input_file_ref idref="fl-a"/>
      </object_component>
      <object_component id="oc-44e">
         <name>.const:$P$T0$1</name>
         <load_address>0x8474</load_address>
         <run_address>0x8474</run_address>
         <size>0x8</size>
         <input_file_ref idref="fl-5"/>
      </object_component>
      <object_component id="oc-425">
         <name>.const:g_pulEnRegs</name>
         <load_address>0x847c</load_address>
         <run_address>0x847c</run_address>
         <size>0x8</size>
         <input_file_ref idref="fl-ef"/>
      </object_component>
      <object_component id="oc-392">
         <name>.const:palette_BlueSelected1BPP_UNCOMP</name>
         <load_address>0x8484</load_address>
         <run_address>0x8484</run_address>
         <size>0x8</size>
         <input_file_ref idref="fl-a"/>
      </object_component>
      <object_component id="oc-38a">
         <name>.const:palette_Menu1BPP_UNCOMP</name>
         <load_address>0x848c</load_address>
         <run_address>0x848c</run_address>
         <size>0x8</size>
         <input_file_ref idref="fl-a"/>
      </object_component>
      <object_component id="oc-3d2">
         <name>.const:.string</name>
         <load_address>0x8494</load_address>
         <run_address>0x8494</run_address>
         <size>0x6</size>
         <input_file_ref idref="fl-8"/>
      </object_component>
      <object_component id="oc-3b8">
         <name>.const:.string</name>
         <load_address>0x849c</load_address>
         <run_address>0x849c</run_address>
         <size>0x6</size>
         <input_file_ref idref="fl-9"/>
      </object_component>
      <object_component id="oc-686">
         <name>.cinit..data.load</name>
         <load_address>0x84a8</load_address>
         <run_address>0x84a8</run_address>
         <size>0x49</size>
      </object_component>
      <object_component id="oc-684">
         <name>__TI_handler_table</name>
         <load_address>0x84f4</load_address>
         <run_address>0x84f4</run_address>
         <size>0xc</size>
      </object_component>
      <object_component id="oc-687">
         <name>.cinit..bss.load</name>
         <load_address>0x8500</load_address>
         <run_address>0x8500</run_address>
         <size>0x8</size>
      </object_component>
      <object_component id="oc-685">
         <name>__TI_cinit_table</name>
         <load_address>0x8508</load_address>
         <run_address>0x8508</run_address>
         <size>0x10</size>
      </object_component>
      <object_component id="oc-658">
         <name>.binit</name>
         <load_address>0x0</load_address>
         <run_address>0x0</run_address>
         <size>0x0</size>
      </object_component>
      <object_component id="oc-177">
         <name>.data</name>
         <load_address>0x20000648</load_address>
         <run_address>0x20000648</run_address>
         <size>0x4</size>
         <input_file_ref idref="fl-4"/>
      </object_component>
      <object_component id="oc-31a">
         <name>.data:g_sCrystalfontz128x128</name>
         <load_address>0x20000634</load_address>
         <run_address>0x20000634</run_address>
         <size>0x10</size>
         <input_file_ref idref="fl-5"/>
      </object_component>
      <object_component id="oc-243">
         <name>.data:dataButton</name>
         <load_address>0x20000608</load_address>
         <run_address>0x20000608</run_address>
         <size>0x2c</size>
         <input_file_ref idref="fl-8"/>
      </object_component>
      <object_component id="oc-22e">
         <name>.data:ListButton</name>
         <load_address>0x200005dc</load_address>
         <run_address>0x200005dc</run_address>
         <size>0x2c</size>
         <input_file_ref idref="fl-9"/>
      </object_component>
      <object_component id="oc-233">
         <name>.data</name>
         <load_address>0x2000064e</load_address>
         <run_address>0x2000064e</run_address>
         <size>0x2</size>
         <input_file_ref idref="fl-9"/>
      </object_component>
      <object_component id="oc-d6">
         <name>.data</name>
         <load_address>0x2000064c</load_address>
         <run_address>0x2000064c</run_address>
         <size>0x2</size>
         <input_file_ref idref="fl-d"/>
      </object_component>
      <object_component id="oc-d9">
         <name>.data</name>
         <load_address>0x20000650</load_address>
         <run_address>0x20000650</run_address>
         <size>0x2</size>
         <input_file_ref idref="fl-e"/>
      </object_component>
      <object_component id="oc-5b4">
         <name>.data</name>
         <load_address>0x20000644</load_address>
         <run_address>0x20000644</run_address>
         <size>0x4</size>
         <input_file_ref idref="fl-e5"/>
      </object_component>
      <object_component id="oc-415">
         <name>.bss</name>
         <uninitialized>true</uninitialized>
         <run_address>0x200005c4</run_address>
         <size>0x8</size>
         <input_file_ref idref="fl-ec"/>
      </object_component>
      <object_component id="oc-4b5">
         <name>.bss:g_pulConvertedPalette</name>
         <uninitialized>true</uninitialized>
         <run_address>0x20000000</run_address>
         <size>0x400</size>
         <input_file_ref idref="fl-fb"/>
      </object_component>
      <object_component id="oc-44d">
         <name>.common:Lcd_Orientation</name>
         <uninitialized>true</uninitialized>
         <run_address>0x200005d8</run_address>
         <size>0x1</size>
      </object_component>
      <object_component id="oc-445">
         <name>.common:Lcd_ScreenWidth</name>
         <uninitialized>true</uninitialized>
         <run_address>0x200005d2</run_address>
         <size>0x2</size>
      </object_component>
      <object_component id="oc-448">
         <name>.common:Lcd_ScreenHeigth</name>
         <uninitialized>true</uninitialized>
         <run_address>0x200005d0</run_address>
         <size>0x2</size>
      </object_component>
      <object_component id="oc-449">
         <name>.common:Lcd_PenSolid</name>
         <uninitialized>true</uninitialized>
         <run_address>0x200005d9</run_address>
         <size>0x1</size>
      </object_component>
      <object_component id="oc-44a">
         <name>.common:Lcd_FontSolid</name>
         <uninitialized>true</uninitialized>
         <run_address>0x200005d7</run_address>
         <size>0x1</size>
      </object_component>
      <object_component id="oc-44b">
         <name>.common:Lcd_FlagRead</name>
         <uninitialized>true</uninitialized>
         <run_address>0x200005d6</run_address>
         <size>0x1</size>
      </object_component>
      <object_component id="oc-44c">
         <name>.common:Lcd_TouchTrim</name>
         <uninitialized>true</uninitialized>
         <run_address>0x200005d4</run_address>
         <size>0x2</size>
      </object_component>
      <object_component id="oc-202">
         <name>.common:g_sContext</name>
         <uninitialized>true</uninitialized>
         <run_address>0x20000590</run_address>
         <size>0x1c</size>
      </object_component>
      <object_component id="oc-232">
         <name>.common:n</name>
         <uninitialized>true</uninitialized>
         <run_address>0x200005ac</run_address>
         <size>0x18</size>
      </object_component>
      <object_component id="oc-231">
         <name>.common:month</name>
         <uninitialized>true</uninitialized>
         <run_address>0x200005cc</run_address>
         <size>0x4</size>
      </object_component>
      <object_component id="oc-1b5">
         <name>.common:foodList</name>
         <uninitialized>true</uninitialized>
         <run_address>0x20000400</run_address>
         <size>0x190</size>
      </object_component>
      <object_component id="oc-29">
         <name>.stack</name>
         <uninitialized>true</uninitialized>
         <run_address>0x2000fe00</run_address>
         <size>0x4</size>
         <input_file_ref idref="fl-cf"/>
      </object_component>
      <object_component id="oc-689">
         <name>.stack</name>
         <uninitialized>true</uninitialized>
         <run_address>0x2000fe00</run_address>
         <size>0x0</size>
      </object_component>
      <object_component id="oc-247">
         <name>.debug_info</name>
         <load_address>0x0</load_address>
         <run_address>0x0</run_address>
         <size>0x757</size>
         <input_file_ref idref="fl-2"/>
      </object_component>
      <object_component id="oc-a6">
         <name>.debug_info</name>
         <load_address>0x757</load_address>
         <run_address>0x757</run_address>
         <size>0x15a</size>
         <input_file_ref idref="fl-2"/>
      </object_component>
      <object_component id="oc-1c7">
         <name>.debug_info</name>
         <load_address>0x8b1</load_address>
         <run_address>0x8b1</run_address>
         <size>0x48</size>
         <input_file_ref idref="fl-2"/>
      </object_component>
      <object_component id="oc-11d">
         <name>.debug_info</name>
         <load_address>0x8f9</load_address>
         <run_address>0x8f9</run_address>
         <size>0x26b</size>
         <input_file_ref idref="fl-2"/>
      </object_component>
      <object_component id="oc-1d8">
         <name>.debug_info</name>
         <load_address>0xb64</load_address>
         <run_address>0xb64</run_address>
         <size>0x1055</size>
         <input_file_ref idref="fl-2"/>
      </object_component>
      <object_component id="oc-1d3">
         <name>.debug_info</name>
         <load_address>0x1bb9</load_address>
         <run_address>0x1bb9</run_address>
         <size>0x37e2</size>
         <input_file_ref idref="fl-2"/>
      </object_component>
      <object_component id="oc-34d">
         <name>.debug_info</name>
         <load_address>0x539b</load_address>
         <run_address>0x539b</run_address>
         <size>0x9e</size>
         <input_file_ref idref="fl-2"/>
      </object_component>
      <object_component id="oc-1dd">
         <name>.debug_info</name>
         <load_address>0x5439</load_address>
         <run_address>0x5439</run_address>
         <size>0x439</size>
         <input_file_ref idref="fl-2"/>
      </object_component>
      <object_component id="oc-1be">
         <name>.debug_info</name>
         <load_address>0x5872</load_address>
         <run_address>0x5872</run_address>
         <size>0xc6</size>
         <input_file_ref idref="fl-2"/>
      </object_component>
      <object_component id="oc-1b9">
         <name>.debug_info</name>
         <load_address>0x5938</load_address>
         <run_address>0x5938</run_address>
         <size>0x8b</size>
         <input_file_ref idref="fl-2"/>
      </object_component>
      <object_component id="oc-1cc">
         <name>.debug_info</name>
         <load_address>0x59c3</load_address>
         <run_address>0x59c3</run_address>
         <size>0x2a4</size>
         <input_file_ref idref="fl-2"/>
      </object_component>
      <object_component id="oc-116">
         <name>.debug_info</name>
         <load_address>0x5c67</load_address>
         <run_address>0x5c67</run_address>
         <size>0xef</size>
         <input_file_ref idref="fl-2"/>
      </object_component>
      <object_component id="oc-dd">
         <name>.debug_info</name>
         <load_address>0x5d56</load_address>
         <run_address>0x5d56</run_address>
         <size>0xbb</size>
         <input_file_ref idref="fl-2"/>
      </object_component>
      <object_component id="oc-338">
         <name>.debug_info</name>
         <load_address>0x5e11</load_address>
         <run_address>0x5e11</run_address>
         <size>0x2c</size>
         <input_file_ref idref="fl-2"/>
      </object_component>
      <object_component id="oc-53d">
         <name>.debug_info</name>
         <load_address>0x5e3d</load_address>
         <run_address>0x5e3d</run_address>
         <size>0x131</size>
         <input_file_ref idref="fl-2"/>
      </object_component>
      <object_component id="oc-81">
         <name>.debug_info</name>
         <load_address>0x5f6e</load_address>
         <run_address>0x5f6e</run_address>
         <size>0x2d3</size>
         <input_file_ref idref="fl-3"/>
      </object_component>
      <object_component id="oc-27">
         <name>.debug_info</name>
         <load_address>0x6241</load_address>
         <run_address>0x6241</run_address>
         <size>0xff</size>
         <input_file_ref idref="fl-3"/>
      </object_component>
      <object_component id="oc-69">
         <name>.debug_info</name>
         <load_address>0x6340</load_address>
         <run_address>0x6340</run_address>
         <size>0x1c6</size>
         <input_file_ref idref="fl-3"/>
      </object_component>
      <object_component id="oc-32">
         <name>.debug_info</name>
         <load_address>0x6506</load_address>
         <run_address>0x6506</run_address>
         <size>0x84</size>
         <input_file_ref idref="fl-3"/>
      </object_component>
      <object_component id="oc-178">
         <name>.debug_info</name>
         <load_address>0x658a</load_address>
         <run_address>0x658a</run_address>
         <size>0xf8</size>
         <input_file_ref idref="fl-4"/>
      </object_component>
      <object_component id="oc-b8">
         <name>.debug_info</name>
         <load_address>0x6682</load_address>
         <run_address>0x6682</run_address>
         <size>0x26a</size>
         <input_file_ref idref="fl-4"/>
      </object_component>
      <object_component id="oc-446">
         <name>.debug_info</name>
         <load_address>0x68ec</load_address>
         <run_address>0x68ec</run_address>
         <size>0x937</size>
         <input_file_ref idref="fl-5"/>
      </object_component>
      <object_component id="oc-31b">
         <name>.debug_info</name>
         <load_address>0x7223</load_address>
         <run_address>0x7223</run_address>
         <size>0x11b</size>
         <input_file_ref idref="fl-5"/>
      </object_component>
      <object_component id="oc-31e">
         <name>.debug_info</name>
         <load_address>0x733e</load_address>
         <run_address>0x733e</run_address>
         <size>0x127</size>
         <input_file_ref idref="fl-5"/>
      </object_component>
      <object_component id="oc-44f">
         <name>.debug_info</name>
         <load_address>0x7465</load_address>
         <run_address>0x7465</run_address>
         <size>0xfc</size>
         <input_file_ref idref="fl-5"/>
      </object_component>
      <object_component id="oc-300">
         <name>.debug_info</name>
         <load_address>0x7561</load_address>
         <run_address>0x7561</run_address>
         <size>0x1556</size>
         <input_file_ref idref="fl-5"/>
      </object_component>
      <object_component id="oc-36e">
         <name>.debug_info</name>
         <load_address>0x8ab7</load_address>
         <run_address>0x8ab7</run_address>
         <size>0x37e2</size>
         <input_file_ref idref="fl-5"/>
      </object_component>
      <object_component id="oc-5fa">
         <name>.debug_info</name>
         <load_address>0xc299</load_address>
         <run_address>0xc299</run_address>
         <size>0x87d</size>
         <input_file_ref idref="fl-6"/>
      </object_component>
      <object_component id="oc-53a">
         <name>.debug_info</name>
         <load_address>0xcb16</load_address>
         <run_address>0xcb16</run_address>
         <size>0x10f</size>
         <input_file_ref idref="fl-6"/>
      </object_component>
      <object_component id="oc-43d">
         <name>.debug_info</name>
         <load_address>0xcc25</load_address>
         <run_address>0xcc25</run_address>
         <size>0x5b9</size>
         <input_file_ref idref="fl-6"/>
      </object_component>
      <object_component id="oc-203">
         <name>.debug_info</name>
         <load_address>0xd1de</load_address>
         <run_address>0xd1de</run_address>
         <size>0x101a</size>
         <input_file_ref idref="fl-7"/>
      </object_component>
      <object_component id="oc-318">
         <name>.debug_info</name>
         <load_address>0xe1f8</load_address>
         <run_address>0xe1f8</run_address>
         <size>0xe1</size>
         <input_file_ref idref="fl-7"/>
      </object_component>
      <object_component id="oc-19a">
         <name>.debug_info</name>
         <load_address>0xe2d9</load_address>
         <run_address>0xe2d9</run_address>
         <size>0xa35</size>
         <input_file_ref idref="fl-7"/>
      </object_component>
      <object_component id="oc-205">
         <name>.debug_info</name>
         <load_address>0xed0e</load_address>
         <run_address>0xed0e</run_address>
         <size>0x852</size>
         <input_file_ref idref="fl-8"/>
      </object_component>
      <object_component id="oc-244">
         <name>.debug_info</name>
         <load_address>0xf560</load_address>
         <run_address>0xf560</run_address>
         <size>0xfa</size>
         <input_file_ref idref="fl-8"/>
      </object_component>
      <object_component id="oc-110">
         <name>.debug_info</name>
         <load_address>0xf65a</load_address>
         <run_address>0xf65a</run_address>
         <size>0x467</size>
         <input_file_ref idref="fl-8"/>
      </object_component>
      <object_component id="oc-375">
         <name>.debug_info</name>
         <load_address>0xfac1</load_address>
         <run_address>0xfac1</run_address>
         <size>0x166</size>
         <input_file_ref idref="fl-8"/>
      </object_component>
      <object_component id="oc-207">
         <name>.debug_info</name>
         <load_address>0xfc27</load_address>
         <run_address>0xfc27</run_address>
         <size>0x899</size>
         <input_file_ref idref="fl-9"/>
      </object_component>
      <object_component id="oc-22f">
         <name>.debug_info</name>
         <load_address>0x104c0</load_address>
         <run_address>0x104c0</run_address>
         <size>0xfb</size>
         <input_file_ref idref="fl-9"/>
      </object_component>
      <object_component id="oc-234">
         <name>.debug_info</name>
         <load_address>0x105bb</load_address>
         <run_address>0x105bb</run_address>
         <size>0x116</size>
         <input_file_ref idref="fl-9"/>
      </object_component>
      <object_component id="oc-10a">
         <name>.debug_info</name>
         <load_address>0x106d1</load_address>
         <run_address>0x106d1</run_address>
         <size>0x696</size>
         <input_file_ref idref="fl-9"/>
      </object_component>
      <object_component id="oc-209">
         <name>.debug_info</name>
         <load_address>0x10d67</load_address>
         <run_address>0x10d67</run_address>
         <size>0x7f7</size>
         <input_file_ref idref="fl-a"/>
      </object_component>
      <object_component id="oc-386">
         <name>.debug_info</name>
         <load_address>0x1155e</load_address>
         <run_address>0x1155e</run_address>
         <size>0x118</size>
         <input_file_ref idref="fl-a"/>
      </object_component>
      <object_component id="oc-38e">
         <name>.debug_info</name>
         <load_address>0x11676</load_address>
         <run_address>0x11676</run_address>
         <size>0x10c</size>
         <input_file_ref idref="fl-a"/>
      </object_component>
      <object_component id="oc-39b">
         <name>.debug_info</name>
         <load_address>0x11782</load_address>
         <run_address>0x11782</run_address>
         <size>0x123</size>
         <input_file_ref idref="fl-a"/>
      </object_component>
      <object_component id="oc-396">
         <name>.debug_info</name>
         <load_address>0x118a5</load_address>
         <run_address>0x118a5</run_address>
         <size>0x125</size>
         <input_file_ref idref="fl-a"/>
      </object_component>
      <object_component id="oc-383">
         <name>.debug_info</name>
         <load_address>0x119ca</load_address>
         <run_address>0x119ca</run_address>
         <size>0x11d</size>
         <input_file_ref idref="fl-a"/>
      </object_component>
      <object_component id="oc-38b">
         <name>.debug_info</name>
         <load_address>0x11ae7</load_address>
         <run_address>0x11ae7</run_address>
         <size>0x111</size>
         <input_file_ref idref="fl-a"/>
      </object_component>
      <object_component id="oc-393">
         <name>.debug_info</name>
         <load_address>0x11bf8</load_address>
         <run_address>0x11bf8</run_address>
         <size>0x121</size>
         <input_file_ref idref="fl-a"/>
      </object_component>
      <object_component id="oc-210">
         <name>.debug_info</name>
         <load_address>0x11d19</load_address>
         <run_address>0x11d19</run_address>
         <size>0x10e</size>
         <input_file_ref idref="fl-a"/>
      </object_component>
      <object_component id="oc-213">
         <name>.debug_info</name>
         <load_address>0x11e27</load_address>
         <run_address>0x11e27</run_address>
         <size>0x102</size>
         <input_file_ref idref="fl-a"/>
      </object_component>
      <object_component id="oc-219">
         <name>.debug_info</name>
         <load_address>0x11f29</load_address>
         <run_address>0x11f29</run_address>
         <size>0x118</size>
         <input_file_ref idref="fl-a"/>
      </object_component>
      <object_component id="oc-21c">
         <name>.debug_info</name>
         <load_address>0x12041</load_address>
         <run_address>0x12041</run_address>
         <size>0x128</size>
         <input_file_ref idref="fl-a"/>
      </object_component>
      <object_component id="oc-21f">
         <name>.debug_info</name>
         <load_address>0x12169</load_address>
         <run_address>0x12169</run_address>
         <size>0x11a</size>
         <input_file_ref idref="fl-a"/>
      </object_component>
      <object_component id="oc-216">
         <name>.debug_info</name>
         <load_address>0x12283</load_address>
         <run_address>0x12283</run_address>
         <size>0x12a</size>
         <input_file_ref idref="fl-a"/>
      </object_component>
      <object_component id="oc-104">
         <name>.debug_info</name>
         <load_address>0x123ad</load_address>
         <run_address>0x123ad</run_address>
         <size>0x41f</size>
         <input_file_ref idref="fl-a"/>
      </object_component>
[...]
      </symbol>
      <symbol id="sm-680">
         <name>strlen</name>
         <value>0x5481</value>
         <object_component_ref idref="oc-461"/>
      </symbol>
      <symbol id="sm-696">
         <name>__aeabi_errno_addr</name>
         <value>0x5565</value>
         <object_component_ref idref="oc-49c"/>
      </symbol>
      <symbol id="sm-697">
         <name>errno</name>
         <value>0x20000644</value>
         <object_component_ref idref="oc-5b4"/>
      </symbol>
      <symbol id="sm-6b0">
         <name>wcslen</name>
         <value>0x54a7</value>
         <object_component_ref idref="oc-496"/>
      </symbol>
      <symbol id="sm-6d0">
         <name>frexpl</name>
         <value>0x4871</value>
         <object_component_ref idref="oc-598"/>
      </symbol>
      <symbol id="sm-6d1">
         <name>frexp</name>
         <value>0x4871</value>
         <object_component_ref idref="oc-598"/>
      </symbol>
      <symbol id="sm-6ee">
         <name>scalbn</name>
         <value>0x35c9</value>
         <object_component_ref idref="oc-59e"/>
      </symbol>
      <symbol id="sm-6ef">
         <name>scalbnl</name>
         <value>0x35c9</value>
         <object_component_ref idref="oc-59e"/>
      </symbol>
      <symbol id="sm-6f0">
         <name>ldexpl</name>
         <value>0x35c9</value>
         <object_component_ref idref="oc-59e"/>
      </symbol>
      <symbol id="sm-6f1">
         <name>ldexp</name>
         <value>0x35c9</value>
         <object_component_ref idref="oc-59e"/>
      </symbol>
      <symbol id="sm-6fb">
         <name>__aeabi_idiv0</name>
         <value>0xb33</value>
         <object_component_ref idref="oc-602"/>
      </symbol>
      <symbol id="sm-6fc">
         <name>__aeabi_ldiv0</name>
         <value>0xb33</value>
         <object_component_ref idref="oc-602"/>
      </symbol>
      <symbol id="sm-706">
         <name>copysign</name>
         <value>0x5383</value>
         <object_component_ref idref="oc-61b"/>
      </symbol>
      <symbol id="sm-707">
         <name>copysignl</name>
         <value>0x5383</value>
         <object_component_ref idref="oc-61b"/>
      </symbol>
      <symbol id="sm-812">
         <name>ADC14_enableInterrupt</name>
         <value>0x502d</value>
         <object_component_ref idref="oc-2ed"/>
      </symbol>
      <symbol id="sm-813">
         <name>ADC14_getInterruptStatus</name>
         <value>0x508d</value>
         <object_component_ref idref="oc-17b"/>
      </symbol>
      <symbol id="sm-814">
         <name>ADC14_enableSampleTimer</name>
         <value>0x4f95</value>
         <object_component_ref idref="oc-2f3"/>
      </symbol>
      <symbol id="sm-815">
         <name>ADC14_enableConversion</name>
         <value>0x513d</value>
         <object_component_ref idref="oc-2f9"/>
      </symbol>
      <symbol id="sm-816">
         <name>ADC14_toggleConversionTrigger</name>
         <value>0x50b9</value>
         <object_component_ref idref="oc-1af"/>
      </symbol>
      <symbol id="sm-817">
         <name>ADC14_getEnabledInterruptStatus</name>
         <value>0x4f25</value>
         <object_component_ref idref="oc-be"/>
      </symbol>
      <symbol id="sm-818">
         <name>ADC14_initModule</name>
         <value>0x4af5</value>
         <object_component_ref idref="oc-2db"/>
      </symbol>
      <symbol id="sm-819">
         <name>ADC14_configureMultiSequenceMode</name>
         <value>0x3d09</value>
         <object_component_ref idref="oc-2e1"/>
      </symbol>
      <symbol id="sm-81a">
         <name>ADC14_clearInterruptFlag</name>
         <value>0x4ffd</value>
         <object_component_ref idref="oc-c4"/>
      </symbol>
      <symbol id="sm-81b">
         <name>ADC14_configureConversionMemory</name>
         <value>0x3c55</value>
         <object_component_ref idref="oc-2e7"/>
      </symbol>
      <symbol id="sm-81c">
         <name>ADC14_enableModule</name>
         <value>0x5535</value>
         <object_component_ref idref="oc-2d5"/>
      </symbol>
      <symbol id="sm-81d">
         <name>ADC14_getResult</name>
         <value>0x5165</value>
         <object_component_ref idref="oc-ca"/>
      </symbol>
      <symbol id="sm-879">
         <name>CS_startLFXT</name>
         <value>0x5509</value>
         <object_component_ref idref="oc-29f"/>
      </symbol>
      <symbol id="sm-87a">
         <name>CS_setExternalClockSourceFrequency</name>
         <value>0x52a1</value>
         <object_component_ref idref="oc-299"/>
      </symbol>
      <symbol id="sm-87b">
         <name>CS_startLFXTWithTimeout</name>
         <value>0x39e5</value>
         <object_component_ref idref="oc-419"/>
      </symbol>
      <symbol id="sm-87c">
         <name>CS_initClockSignal</name>
         <value>0x314d</value>
         <object_component_ref idref="oc-1fc"/>
      </symbol>
      <symbol id="sm-88b">
         <name>FlashCtl_setWaitState</name>
         <value>0x4c8d</value>
         <object_component_ref idref="oc-28d"/>
      </symbol>
      <symbol id="sm-918">
         <name>GPIO_setOutputHighOnPin</name>
         <value>0x51dd</value>
         <object_component_ref idref="oc-43f"/>
      </symbol>
      <symbol id="sm-919">
         <name>GPIO_setAsInputPinWithPullUpResistor</name>
         <value>0x49ed</value>
         <object_component_ref idref="oc-2c3"/>
      </symbol>
      <symbol id="sm-91a">
         <name>GPIO_getInterruptStatus</name>
         <value>0x527d</value>
         <object_component_ref idref="oc-1ee"/>
      </symbol>
      <symbol id="sm-91b">
         <name>GPIO_enableInterrupt</name>
         <value>0x51b5</value>
         <object_component_ref idref="oc-2c9"/>
      </symbol>
      <symbol id="sm-91c">
         <name>GPIO_getEnabledInterruptStatus</name>
         <value>0x44d1</value>
         <object_component_ref idref="oc-f7"/>
      </symbol>
      <symbol id="sm-91d">
         <name>GPIO_setAsOutputPin</name>
         <value>0x4da9</value>
         <object_component_ref idref="oc-27b"/>
      </symbol>
      <symbol id="sm-91e">
         <name>GPIO_setOutputLowOnPin</name>
         <value>0x5205</value>
         <object_component_ref idref="oc-281"/>
      </symbol>
      <symbol id="sm-91f">
         <name>GPIO_clearInterruptFlag</name>
         <value>0x518d</value>
         <object_component_ref idref="oc-fd"/>
      </symbol>
      <symbol id="sm-920">
         <name>GPIO_toggleOutputOnPin</name>
         <value>0x522d</value>
         <object_component_ref idref="oc-f0"/>
      </symbol>
      <symbol id="sm-921">
         <name>GPIO_setAsPeripheralModuleFunctionOutputPin</name>
         <value>0x433d</value>
         <object_component_ref idref="oc-293"/>
      </symbol>
      <symbol id="sm-922">
         <name>GPIO_setAsPeripheralModuleFunctionInputPin</name>
         <value>0x42b5</value>
         <object_component_ref idref="oc-2cf"/>
      </symbol>
      <symbol id="sm-948">
         <name>Interrupt_enableMaster</name>
         <value>0x54c9</value>
         <object_component_ref idref="oc-1a9"/>
      </symbol>
      <symbol id="sm-949">
         <name>Interrupt_enableInterrupt</name>
         <value>0x4555</value>
         <object_component_ref idref="oc-2bd"/>
      </symbol>
      <symbol id="sm-9d9">
         <name>PCM_setCoreVoltageLevel</name>
         <value>0x54d9</value>
         <object_component_ref idref="oc-287"/>
      </symbol>
      <symbol id="sm-9da">
         <name>PCM_getCoreVoltageLevel</name>
         <value>0x48d5</value>
         <object_component_ref idref="oc-4ff"/>
      </symbol>
      <symbol id="sm-9db">
         <name>PCM_getPowerMode</name>
         <value>0x4991</value>
         <object_component_ref idref="oc-4f9"/>
      </symbol>
      <symbol id="sm-9dc">
         <name>PCM_getPowerState</name>
         <value>0x546d</value>
         <object_component_ref idref="oc-505"/>
      </symbol>
      <symbol id="sm-9dd">
         <name>PCM_gotoLPM0</name>
         <value>0x5255</value>
         <object_component_ref idref="oc-132"/>
      </symbol>
      <symbol id="sm-9de">
         <name>PCM_setPowerMode</name>
         <value>0x54e9</value>
         <object_component_ref idref="oc-50b"/>
      </symbol>
      <symbol id="sm-a60">
         <name>RTC_C_startClock</name>
         <value>0x5111</value>
         <object_component_ref idref="oc-2b7"/>
      </symbol>
      <symbol id="sm-a61">
         <name>RTC_C_getCalendarTime</name>
         <value>0x45d5</value>
         <object_component_ref idref="oc-1a3"/>
      </symbol>
      <symbol id="sm-a62">
         <name>RTC_C_getInterruptStatus</name>
         <value>0x4935</value>
         <object_component_ref idref="oc-1e2"/>
      </symbol>
      <symbol id="sm-a63">
         <name>RTC_C_initCalendar</name>
         <value>0x4221</value>
         <object_component_ref idref="oc-2a5"/>
      </symbol>
      <symbol id="sm-a64">
         <name>RTC_C_setCalendarEvent</name>
         <value>0x4ee9</value>
         <object_component_ref idref="oc-2ab"/>
      </symbol>
      <symbol id="sm-a65">
         <name>RTC_C_getEnabledInterruptStatus</name>
         <value>0x418d</value>
         <object_component_ref idref="oc-e4"/>
      </symbol>
      <symbol id="sm-a66">
         <name>RTC_C_enableInterrupt</name>
         <value>0x480d</value>
         <object_component_ref idref="oc-2b1"/>
      </symbol>
      <symbol id="sm-a67">
         <name>RTC_C_clearInterruptFlag</name>
         <value>0x4a45</value>
         <object_component_ref idref="oc-ea"/>
      </symbol>
      <symbol id="sm-aa6">
         <name>EUSCI_B_SPI_enable</name>
         <value>0x5413</value>
         <object_component_ref idref="oc-5f1"/>
      </symbol>
      <symbol id="sm-aa7">
         <name>SPI_enableModule</name>
         <value>0x52fd</value>
         <object_component_ref idref="oc-533"/>
      </symbol>
      <symbol id="sm-aa8">
         <name>EUSCI_A_SPI_enable</name>
         <value>0x53fd</value>
         <object_component_ref idref="oc-5eb"/>
      </symbol>
      <symbol id="sm-aa9">
         <name>SPI_initMaster</name>
         <value>0x3e6f</value>
         <object_component_ref idref="oc-52d"/>
      </symbol>
      <symbol id="sm-aca">
         <name>SysCtl_A_enableNMISource</name>
         <value>0x53b5</value>
         <object_component_ref idref="oc-520"/>
      </symbol>
      <symbol id="sm-acb">
         <name>SysCtl_A_getNMISourceStatus</name>
         <value>0x54f9</value>
         <object_component_ref idref="oc-514"/>
      </symbol>
      <symbol id="sm-acc">
         <name>SysCtl_A_disableNMISource</name>
         <value>0x539d</value>
         <object_component_ref idref="oc-51a"/>
      </symbol>
      <symbol id="sm-adf">
         <name>CPU_wfi</name>
         <value>0x556d</value>
         <object_component_ref idref="oc-248"/>
      </symbol>
      <symbol id="sm-ae0">
         <name>CPU_cpsie</name>
         <value>0x5541</value>
         <object_component_ref idref="oc-343"/>
      </symbol>
      <symbol id="sm-aff">
         <name>Graphics_drawButton</name>
         <value>0x36d9</value>
         <object_component_ref idref="oc-222"/>
      </symbol>
      <symbol id="sm-b2c">
         <name>Graphics_setBackgroundColor</name>
         <value>0x534f</value>
         <object_component_ref idref="oc-30b"/>
      </symbol>
      <symbol id="sm-b2d">
         <name>Graphics_setFont</name>
         <value>0x5369</value>
         <object_component_ref idref="oc-311"/>
      </symbol>
      <symbol id="sm-b2e">
         <name>Graphics_initContext</name>
         <value>0x4b9d</value>
         <object_component_ref idref="oc-305"/>
      </symbol>
      <symbol id="sm-b2f">
         <name>Graphics_setForegroundColor</name>
         <value>0x5429</value>
         <object_component_ref idref="oc-237"/>
      </symbol>
      <symbol id="sm-b30">
         <name>Graphics_clearDisplay</name>
         <value>0x5495</value>
         <object_component_ref idref="oc-228"/>
      </symbol>
      <symbol id="sm-b65">
         <name>Graphics_clearDisplayOnDisplay</name>
         <value>0x5335</value>
         <object_component_ref idref="oc-3b0"/>
      </symbol>
      <symbol id="sm-b66">
         <name>Graphics_drawPixelOnDisplay</name>
         <value>0x50e5</value>
         <object_component_ref idref="oc-363"/>
      </symbol>
      <symbol id="sm-b67">
         <name>Graphics_translateColorOnDisplay</name>
         <value>0x543f</value>
         <object_component_ref idref="oc-3bd"/>
      </symbol>
      <symbol id="sm-b68">
         <name>Graphics_drawHorizontalLineOnDisplay</name>
         <value>0x4f5d</value>
         <object_component_ref idref="oc-4e0"/>
      </symbol>
      <symbol id="sm-b69">
         <name>Graphics_drawMultiplePixelsOnDisplay</name>
         <value>0x4d1d</value>
         <object_component_ref idref="oc-35d"/>
      </symbol>
      <symbol id="sm-b6a">
         <name>Graphics_fillRectangleOnDisplay</name>
         <value>0x52c1</value>
         <object_component_ref idref="oc-4cc"/>
      </symbol>
      <symbol id="sm-b7c">
         <name>g_sFontFixed6x8</name>
         <value>0x8174</value>
         <object_component_ref idref="oc-320"/>
      </symbol>
      <symbol id="sm-bb2">
         <name>Graphics_drawImage</name>
         <value>0x1633</value>
         <object_component_ref idref="oc-1f6"/>
      </symbol>
      <symbol id="sm-bc9">
         <name>Graphics_fillRectangle</name>
         <value>0x34b5</value>
         <object_component_ref idref="oc-3a3"/>
      </symbol>
      <symbol id="sm-c09">
         <name>Graphics_drawString</name>
         <value>0x11b5</value>
         <object_component_ref idref="oc-23d"/>
      </symbol>
      <symbol id="sm-c1c">
         <name>Graphics_drawLineH</name>
         <value>0x3f1f</value>
         <object_component_ref idref="oc-3ca"/>
      </symbol>
      <symbol id="sm-c1d">
         <name>__TI_static_base__</name>
         <value>0x0</value>
      </symbol>
      <symbol id="sm-c20">
         <name>__mpu_init</name>
         <value>0x0</value>
      </symbol>
      <symbol id="sm-c21">
         <name>_system_post_cinit</name>
         <value>0x0</value>
      </symbol>
      <symbol id="sm-c22">
         <name>NMI_Handler</name>
         <value>0x5531</value>
      </symbol>
      <symbol id="sm-c23">
         <name>HardFault_Handler</name>
         <value>0x5531</value>
      </symbol>
      <symbol id="sm-c24">
         <name>MemManage_Handler</name>
         <value>0x5531</value>
      </symbol>
      <symbol id="sm-c25">
         <name>BusFault_Handler</name>
         <value>0x5531</value>
      </symbol>
      <symbol id="sm-c26">
         <name>UsageFault_Handler</name>
         <value>0x5531</value>
      </symbol>
      <symbol id="sm-c27">
         <name>SVC_Handler</name>
         <value>0x5531</value>
      </symbol>
      <symbol id="sm-c28">
         <name>DebugMon_Handler</name>
         <value>0x5531</value>
      </symbol>
      <symbol id="sm-c29">
         <name>PendSV_Handler</name>
         <value>0x5531</value>
      </symbol>
      <symbol id="sm-c2a">
         <name>SysTick_Handler</name>
         <value>0x5531</value>
      </symbol>
      <symbol id="sm-c2b">
         <name>PSS_IRQHandler</name>
         <value>0x5531</value>
      </symbol>
      <symbol id="sm-c2c">
         <name>CS_IRQHandler</name>
         <value>0x5531</value>
      </symbol>
      <symbol id="sm-c2d">
         <name>PCM_IRQHandler</name>
         <value>0x5531</value>
      </symbol>
      <symbol id="sm-c2e">
         <name>WDT_A_IRQHandler</name>
         <value>0x5531</value>
      </symbol>
      <symbol id="sm-c2f">
         <name>FPU_IRQHandler</name>
         <value>0x5531</value>
      </symbol>
      <symbol id="sm-c30">
         <name>FLCTL_IRQHandler</name>
         <value>0x5531</value>
      </symbol>
      <symbol id="sm-c31">
         <name>COMP_E0_IRQHandler</name>
         <value>0x5531</value>
      </symbol>
      <symbol id="sm-c32">
         <name>COMP_E1_IRQHandler</name>
         <value>0x5531</value>
      </symbol>
      <symbol id="sm-c33">
         <name>TA0_0_IRQHandler</name>
         <value>0x5531</value>
      </symbol>
      <symbol id="sm-c34">
         <name>TA0_N_IRQHandler</name>
         <value>0x5531</value>
      </symbol>
      <symbol id="sm-c35">
         <name>TA1_0_IRQHandler</name>
         <value>0x5531</value>
      </symbol>
      <symbol id="sm-c36">
         <name>TA1_N_IRQHandler</name>
         <value>0x5531</value>
      </symbol>
      <symbol id="sm-c37">
         <name>TA2_0_IRQHandler</name>
         <value>0x5531</value>
      </symbol>
      <symbol id="sm-c38">
         <name>TA2_N_IRQHandler</name>
         <value>0x5531</value>
      </symbol>
      <symbol id="sm-c39">
         <name>TA3_0_IRQHandler</name>
         <value>0x5531</value>
      </symbol>
      <symbol id="sm-c3a">
         <name>TA3_N_IRQHandler</name>
         <value>0x5531</value>
      </symbol>
      <symbol id="sm-c3b">
         <name>EUSCIA0_IRQHandler</name>
         <value>0x5531</value>
      </symbol>
      <symbol id="sm-c3c">
         <name>EUSCIA1_IRQHandler</name>
         <value>0x5531</value>
      </symbol>
      <symbol id="sm-c3d">
         <name>EUSCIA2_IRQHandler</name>
         <value>0x5531</value>
      </symbol>
      <symbol id="sm-c3e">
         <name>EUSCIA3_IRQHandler</name>
         <value>0x5531</value>
      </symbol>
      <symbol id="sm-c3f">
         <name>EUSCIB0_IRQHandler</name>
         <value>0x5531</value>
      </symbol>
      <symbol id="sm-c40">
         <name>EUSCIB1_IRQHandler</name>
         <value>0x5531</value>
      </symbol>
      <symbol id="sm-c41">
         <name>EUSCIB2_IRQHandler</name>
         <value>0x5531</value>
      </symbol>
      <symbol id="sm-c42">
         <name>EUSCIB3_IRQHandler</name>
         <value>0x5531</value>
      </symbol>
      <symbol id="sm-c43">
         <name>ADC14_IRQHandler</name>
         <value>0x33ed</value>
      </symbol>
      <symbol id="sm-c44">
         <name>T32_INT1_IRQHandler</name>
         <value>0x5531</value>
      </symbol>
      <symbol id="sm-c45">
         <name>T32_INT2_IRQHandler</name>
         <value>0x5531</value>
      </symbol>
      <symbol id="sm-c46">
         <name>T32_INTC_IRQHandler</name>
         <value>0x5531</value>
      </symbol>
      <symbol id="sm-c47">
         <name>AES256_IRQHandler</name>
         <value>0x5531</value>
      </symbol>
      <symbol id="sm-c48">
         <name>RTC_C_IRQHandler</name>
         <value>0x52df</value>
      </symbol>
      <symbol id="sm-c49">
         <name>DMA_ERR_IRQHandler</name>
         <value>0x5531</value>
      </symbol>
      <symbol id="sm-c4a">
         <name>DMA_INT3_IRQHandler</name>
         <value>0x5531</value>
      </symbol>
      <symbol id="sm-c4b">
         <name>DMA_INT2_IRQHandler</name>
         <value>0x5531</value>
      </symbol>
      <symbol id="sm-c4c">
         <name>DMA_INT1_IRQHandler</name>
         <value>0x5531</value>
      </symbol>
      <symbol id="sm-c4d">
         <name>DMA_INT0_IRQHandler</name>
         <value>0x5531</value>
      </symbol>
      <symbol id="sm-c4e">
         <name>PORT1_IRQHandler</name>
         <value>0x5531</value>
      </symbol>
      <symbol id="sm-c4f">
         <name>PORT2_IRQHandler</name>
         <value>0x5531</value>
      </symbol>
      <symbol id="sm-c50">
         <name>PORT3_IRQHandler</name>
         <value>0x3bcf</value>
      </symbol>
      <symbol id="sm-c51">
         <name>PORT4_IRQHandler</name>
         <value>0x3b91</value>
      </symbol>
      <symbol id="sm-c52">
         <name>PORT5_IRQHandler</name>
         <value>0x3c25</value>
      </symbol>
      <symbol id="sm-c53">
         <name>PORT6_IRQHandler</name>
         <value>0x5531</value>
      </symbol>
   </symbol_table>
   <title>Link successful</title>
</link_info>
